2025/06/11 18:34:38 - mmengine - INFO - 
------------------------------------------------------------
System environment:
    sys.platform: linux
    Python: 3.10.8 (main, Nov 24 2022, 14:13:03) [GCC 11.2.0]
    CUDA available: True
    MUSA available: False
    numpy_random_seed: 411731279
    GPU 0: NVIDIA GeForce RTX 3090
    CUDA_HOME: /usr/local/cuda
    NVCC: Cuda compilation tools, release 11.8, V11.8.89
    GCC: gcc (Ubuntu 11.3.0-1ubuntu1~22.04) 11.3.0
    PyTorch: 2.1.2+cu118
    PyTorch compiling details: PyTorch built with:
  - GCC 9.3
  - C++ Version: 201703
  - Intel(R) oneAPI Math Kernel Library Version 2022.2-Product Build 20220804 for Intel(R) 64 architecture applications
  - Intel(R) MKL-DNN v3.1.1 (Git Hash 64f6bcbcbab628e96f33a62c3e975f8535a7bde4)
  - OpenMP 201511 (a.k.a. OpenMP 4.5)
  - LAPACK is enabled (usually provided by MKL)
  - NNPACK is enabled
  - CPU capability usage: AVX512
  - CUDA Runtime 11.8
  - NVCC architecture flags: -gencode;arch=compute_50,code=sm_50;-gencode;arch=compute_60,code=sm_60;-gencode;arch=compute_70,code=sm_70;-gencode;arch=compute_75,code=sm_75;-gencode;arch=compute_80,code=sm_80;-gencode;arch=compute_86,code=sm_86;-gencode;arch=compute_37,code=sm_37;-gencode;arch=compute_90,code=sm_90
  - CuDNN 8.7
  - Magma 2.6.1
  - Build settings: BLAS_INFO=mkl, BUILD_TYPE=Release, CUDA_VERSION=11.8, CUDNN_VERSION=8.7.0, CXX_COMPILER=/opt/rh/devtoolset-9/root/usr/bin/c++, CXX_FLAGS= -D_GLIBCXX_USE_CXX11_ABI=0 -fabi-version=11 -fvisibility-inlines-hidden -DUSE_PTHREADPOOL -DNDEBUG -DUSE_KINETO -DLIBKINETO_NOROCTRACER -DUSE_FBGEMM -DUSE_QNNPACK -DUSE_PYTORCH_QNNPACK -DUSE_XNNPACK -DSYMBOLICATE_MOBILE_DEBUG_HANDLE -O2 -fPIC -Wall -Wextra -Werror=return-type -Werror=non-virtual-dtor -Werror=bool-operation -Wnarrowing -Wno-missing-field-initializers -Wno-type-limits -Wno-array-bounds -Wno-unknown-pragmas -Wno-unused-parameter -Wno-unused-function -Wno-unused-result -Wno-strict-overflow -Wno-strict-aliasing -Wno-stringop-overflow -Wno-psabi -Wno-error=pedantic -Wno-error=old-style-cast -Wno-invalid-partial-specialization -Wno-unused-private-field -Wno-aligned-allocation-unavailable -Wno-missing-braces -fdiagnostics-color=always -faligned-new -Wno-unused-but-set-variable -Wno-maybe-uninitialized -fno-math-errno -fno-trapping-math -Werror=format -Werror=cast-function-type -Wno-stringop-overflow, LAPACK_INFO=mkl, PERF_WITH_AVX=1, PERF_WITH_AVX2=1, PERF_WITH_AVX512=1, TORCH_DISABLE_GPU_ASSERTS=ON, TORCH_VERSION=2.1.2, USE_CUDA=ON, USE_CUDNN=ON, USE_EXCEPTION_PTR=1, USE_GFLAGS=OFF, USE_GLOG=OFF, USE_MKL=ON, USE_MKLDNN=ON, USE_MPI=OFF, USE_NCCL=1, USE_NNPACK=ON, USE_OPENMP=ON, USE_ROCM=OFF, 

    TorchVision: 0.16.2+cu118
    OpenCV: 4.11.0
    MMEngine: 0.10.7

Runtime environment:
    cudnn_benchmark: True
    mp_cfg: {'mp_start_method': 'fork', 'opencv_num_threads': 0}
    dist_cfg: {'backend': 'nccl'}
    seed: 411731279
    Distributed launcher: none
    Distributed training: False
    GPU number: 1
------------------------------------------------------------

2025/06/11 18:34:47 - mmengine - INFO - Config:
bs_ratio = 4
crop_size = (
    512,
    512,
)
custom_imports = dict(
    allow_failed_imports=False,
    imports=[
        'my-mmseg.models.decode_heads.unet_head',
    ])
data_preprocessor = dict(
    bgr_to_rgb=True,
    mean=[
        123.675,
        116.28,
        103.53,
    ],
    pad_val=0,
    seg_pad_val=255,
    size=(
        512,
        512,
    ),
    std=[
        58.395,
        57.12,
        57.375,
    ],
    type='SegDataPreProcessor')
data_root = '/tmp/SegMambaV1.0/seg/data/ADEChallengeData2016'
dataset_type = 'ADE20KDataset'
default_hooks = dict(
    checkpoint=dict(by_epoch=False, interval=8000, type='CheckpointHook'),
    logger=dict(interval=50, log_metric_by_epoch=False, type='LoggerHook'),
    param_scheduler=dict(type='ParamSchedulerHook'),
    sampler_seed=dict(type='DistSamplerSeedHook'),
    timer=dict(type='IterTimerHook'),
    visualization=dict(type='SegVisualizationHook'))
default_scope = 'mmseg'
env_cfg = dict(
    cudnn_benchmark=True,
    dist_cfg=dict(backend='nccl'),
    mp_cfg=dict(mp_start_method='fork', opencv_num_threads=0))
img_ratios = [
    0.5,
    0.75,
    1.0,
    1.25,
    1.5,
    1.75,
]
launcher = 'none'
load_from = None
log_level = 'INFO'
log_processor = dict(by_epoch=False)
max_iters = 80000
model = dict(
    auxiliary_head=dict(
        align_corners=True,
        channels=128,
        dropout_ratio=0.1,
        in_channels=376,
        in_index=1,
        loss_decode=dict(
            loss_weight=0.4, type='CrossEntropyLoss', use_sigmoid=False),
        norm_cfg=dict(requires_grad=True, type='SyncBN'),
        num_classes=150,
        num_convs=1,
        type='UNetHead'),
    backbone=dict(
        depth=[
            2,
            3,
            2,
        ],
        distillation=False,
        down_ops=[
            [
                'subsample',
                2,
            ],
            [
                'subsample',
                2,
            ],
            [
                '',
            ],
        ],
        drop_path=0.03,
        embed_dim=[
            200,
            376,
            448,
        ],
        forward_type='v052d',
        frozen_stages=-1,
        global_ratio=[
            0.8,
            0.7,
            0.6,
        ],
        img_size=224,
        in_chans=3,
        kernels=[
            7,
            5,
            3,
        ],
        local_ratio=[
            0.2,
            0.2,
            0.3,
        ],
        norm_eval=False,
        num_classes=80,
        out_indices=(
            1,
            2,
            3,
        ),
        pretrained='../weights/MobileMamba_B4/mobilemamba_b4.pth',
        ssm_ratio=2,
        stages=[
            's',
            's',
            's',
        ],
        sync_bn=False,
        type='MobileMamba'),
    data_preprocessor=dict(
        bgr_to_rgb=True,
        mean=[
            123.675,
            116.28,
            103.53,
        ],
        pad_val=0,
        seg_pad_val=255,
        size=(
            512,
            512,
        ),
        std=[
            58.395,
            57.12,
            57.375,
        ],
        type='SegDataPreProcessor'),
    decode_head=dict(
        align_corners=True,
        channels=256,
        dropout_ratio=0.1,
        in_channels=448,
        in_index=2,
        loss_decode=dict(
            loss_weight=1.0, type='CrossEntropyLoss', use_sigmoid=False),
        norm_cfg=dict(requires_grad=True, type='SyncBN'),
        num_classes=150,
        num_convs=2,
        type='UNetHead'),
    pretrained=None,
    test_cfg=dict(mode='whole'),
    train_cfg=dict(),
    type='EncoderDecoder')
norm_cfg = dict(requires_grad=True, type='SyncBN')
optim_wrapper = dict(
    clip_grad=dict(max_norm=0.1, norm_type=2),
    optimizer=dict(
        betas=(
            0.9,
            0.999,
        ), lr=0.00012, type='AdamW', weight_decay=0.05),
    paramwise_cfg=dict(
        custom_keys=dict(
            absolute_pos_embed=dict(decay_mult=0.0),
            norm=dict(decay_mult=0.0),
            relative_position_bias_table=dict(decay_mult=0.0))),
    type='OptimWrapper')
optimizer = dict(lr=0.01, momentum=0.9, type='SGD', weight_decay=0.0005)
param_scheduler = [
    dict(
        begin=0, by_epoch=False, end=500, start_factor=1e-05, type='LinearLR'),
    dict(
        T_max=40000,
        begin=40000,
        by_epoch=False,
        end=80000,
        eta_min=0,
        type='CosineAnnealingLR'),
]
ratio = 1
resume = False
test_cfg = dict(type='TestLoop')
test_dataloader = dict(
    batch_size=1,
    dataset=dict(
        data_prefix=dict(
            img_path='images/validation',
            seg_map_path='annotations/validation'),
        data_root='/tmp/SegMambaV1.0/seg/data/ADEChallengeData2016',
        pipeline=[
            dict(type='LoadImageFromFile'),
            dict(keep_ratio=True, scale=(
                2048,
                512,
            ), type='Resize'),
            dict(reduce_zero_label=True, type='LoadAnnotations'),
            dict(type='PackSegInputs'),
        ],
        type='ADE20KDataset'),
    num_workers=2,
    persistent_workers=True,
    sampler=dict(shuffle=False, type='DefaultSampler'))
test_evaluator = dict(
    iou_metrics=[
        'mIoU',
    ], type='IoUMetric')
test_pipeline = [
    dict(type='LoadImageFromFile'),
    dict(keep_ratio=True, scale=(
        2048,
        512,
    ), type='Resize'),
    dict(reduce_zero_label=True, type='LoadAnnotations'),
    dict(type='PackSegInputs'),
]
train_cfg = dict(max_iters=80000, type='IterBasedTrainLoop', val_interval=8000)
train_dataloader = dict(
    batch_size=8,
    dataset=dict(
        data_prefix=dict(
            img_path='images/training', seg_map_path='annotations/training'),
        data_root='/tmp/SegMambaV1.0/seg/data/ADEChallengeData2016',
        pipeline=[
            dict(type='LoadImageFromFile'),
            dict(reduce_zero_label=True, type='LoadAnnotations'),
            dict(
                keep_ratio=True,
                ratio_range=(
                    0.5,
                    2.0,
                ),
                scale=(
                    2048,
                    512,
                ),
                type='RandomResize'),
            dict(
                cat_max_ratio=0.75, crop_size=(
                    512,
                    512,
                ), type='RandomCrop'),
            dict(prob=0.5, type='RandomFlip'),
            dict(type='PhotoMetricDistortion'),
            dict(type='PackSegInputs'),
        ],
        type='ADE20KDataset'),
    num_workers=8,
    persistent_workers=True,
    sampler=dict(shuffle=True, type='InfiniteSampler'))
train_pipeline = [
    dict(type='LoadImageFromFile'),
    dict(reduce_zero_label=True, type='LoadAnnotations'),
    dict(
        keep_ratio=True,
        ratio_range=(
            0.5,
            2.0,
        ),
        scale=(
            2048,
            512,
        ),
        type='RandomResize'),
    dict(cat_max_ratio=0.75, crop_size=(
        512,
        512,
    ), type='RandomCrop'),
    dict(prob=0.5, type='RandomFlip'),
    dict(type='PhotoMetricDistortion'),
    dict(type='PackSegInputs'),
]
tta_model = dict(type='SegTTAModel')
tta_pipeline = [
    dict(backend_args=None, type='LoadImageFromFile'),
    dict(
        transforms=[
            [
                dict(keep_ratio=True, scale_factor=0.5, type='Resize'),
                dict(keep_ratio=True, scale_factor=0.75, type='Resize'),
                dict(keep_ratio=True, scale_factor=1.0, type='Resize'),
                dict(keep_ratio=True, scale_factor=1.25, type='Resize'),
                dict(keep_ratio=True, scale_factor=1.5, type='Resize'),
                dict(keep_ratio=True, scale_factor=1.75, type='Resize'),
            ],
            [
                dict(direction='horizontal', prob=0.0, type='RandomFlip'),
                dict(direction='horizontal', prob=1.0, type='RandomFlip'),
            ],
            [
                dict(type='LoadAnnotations'),
            ],
            [
                dict(type='PackSegInputs'),
            ],
        ],
        type='TestTimeAug'),
]
val_cfg = dict(type='ValLoop')
val_dataloader = dict(
    batch_size=1,
    dataset=dict(
        data_prefix=dict(
            img_path='images/validation',
            seg_map_path='annotations/validation'),
        data_root='/tmp/SegMambaV1.0/seg/data/ADEChallengeData2016',
        pipeline=[
            dict(type='LoadImageFromFile'),
            dict(keep_ratio=True, scale=(
                2048,
                512,
            ), type='Resize'),
            dict(reduce_zero_label=True, type='LoadAnnotations'),
            dict(type='PackSegInputs'),
        ],
        type='ADE20KDataset'),
    num_workers=2,
    persistent_workers=True,
    sampler=dict(shuffle=False, type='DefaultSampler'))
val_evaluator = dict(
    iou_metrics=[
        'mIoU',
    ], type='IoUMetric')
vis_backends = [
    dict(type='LocalVisBackend'),
]
visualizer = dict(
    name='visualizer',
    type='SegLocalVisualizer',
    vis_backends=[
        dict(type='LocalVisBackend'),
    ])
work_dir = './work_dirs/U-Net_MobileMamba'

2025/06/11 18:35:28 - mmengine - INFO - Distributed training is not used, all SyncBatchNorm (SyncBN) layers in the model will be automatically reverted to BatchNormXd layers if they are used.
2025/06/11 18:35:29 - mmengine - INFO - Hooks will be executed in the following order:
before_run:
(VERY_HIGH   ) RuntimeInfoHook                    
(BELOW_NORMAL) LoggerHook                         
 -------------------- 
before_train:
(VERY_HIGH   ) RuntimeInfoHook                    
(NORMAL      ) IterTimerHook                      
(VERY_LOW    ) CheckpointHook                     
 -------------------- 
before_train_epoch:
(VERY_HIGH   ) RuntimeInfoHook                    
(NORMAL      ) IterTimerHook                      
(NORMAL      ) DistSamplerSeedHook                
 -------------------- 
before_train_iter:
(VERY_HIGH   ) RuntimeInfoHook                    
(NORMAL      ) IterTimerHook                      
 -------------------- 
after_train_iter:
(VERY_HIGH   ) RuntimeInfoHook                    
(NORMAL      ) IterTimerHook                      
(NORMAL      ) SegVisualizationHook               
(BELOW_NORMAL) LoggerHook                         
(LOW         ) ParamSchedulerHook                 
(VERY_LOW    ) CheckpointHook                     
 -------------------- 
after_train_epoch:
(NORMAL      ) IterTimerHook                      
(LOW         ) ParamSchedulerHook                 
(VERY_LOW    ) CheckpointHook                     
 -------------------- 
before_val:
(VERY_HIGH   ) RuntimeInfoHook                    
 -------------------- 
before_val_epoch:
(NORMAL      ) IterTimerHook                      
 -------------------- 
before_val_iter:
(NORMAL      ) IterTimerHook                      
 -------------------- 
after_val_iter:
(NORMAL      ) IterTimerHook                      
(NORMAL      ) SegVisualizationHook               
(BELOW_NORMAL) LoggerHook                         
 -------------------- 
after_val_epoch:
(VERY_HIGH   ) RuntimeInfoHook                    
(NORMAL      ) IterTimerHook                      
(BELOW_NORMAL) LoggerHook                         
(LOW         ) ParamSchedulerHook                 
(VERY_LOW    ) CheckpointHook                     
 -------------------- 
after_val:
(VERY_HIGH   ) RuntimeInfoHook                    
 -------------------- 
after_train:
(VERY_HIGH   ) RuntimeInfoHook                    
(VERY_LOW    ) CheckpointHook                     
 -------------------- 
before_test:
(VERY_HIGH   ) RuntimeInfoHook                    
 -------------------- 
before_test_epoch:
(NORMAL      ) IterTimerHook                      
 -------------------- 
before_test_iter:
(NORMAL      ) IterTimerHook                      
 -------------------- 
after_test_iter:
(NORMAL      ) IterTimerHook                      
(NORMAL      ) SegVisualizationHook               
(BELOW_NORMAL) LoggerHook                         
 -------------------- 
after_test_epoch:
(VERY_HIGH   ) RuntimeInfoHook                    
(NORMAL      ) IterTimerHook                      
(BELOW_NORMAL) LoggerHook                         
 -------------------- 
after_test:
(VERY_HIGH   ) RuntimeInfoHook                    
 -------------------- 
after_run:
(BELOW_NORMAL) LoggerHook                         
 -------------------- 
2025/06/11 18:36:47 - mmengine - WARNING - backbone.blocks1.0.mixer.m.attn.global_op.wt_filter is skipped since its requires_grad=False
2025/06/11 18:36:47 - mmengine - WARNING - backbone.blocks1.0.mixer.m.attn.global_op.iwt_filter is skipped since its requires_grad=False
2025/06/11 18:36:47 - mmengine - INFO - paramwise_options -- backbone.blocks1.0.mixer.m.attn.global_op.global_atten.original_ss2d.out_norm.weight:lr=0.00012
2025/06/11 18:36:47 - mmengine - INFO - paramwise_options -- backbone.blocks1.0.mixer.m.attn.global_op.global_atten.original_ss2d.out_norm.weight:weight_decay=0.0
2025/06/11 18:36:47 - mmengine - INFO - paramwise_options -- backbone.blocks1.0.mixer.m.attn.global_op.global_atten.original_ss2d.out_norm.weight:decay_mult=0.0
2025/06/11 18:36:47 - mmengine - INFO - paramwise_options -- backbone.blocks1.0.mixer.m.attn.global_op.global_atten.original_ss2d.out_norm.bias:lr=0.00012
2025/06/11 18:36:47 - mmengine - INFO - paramwise_options -- backbone.blocks1.0.mixer.m.attn.global_op.global_atten.original_ss2d.out_norm.bias:weight_decay=0.0
2025/06/11 18:36:47 - mmengine - INFO - paramwise_options -- backbone.blocks1.0.mixer.m.attn.global_op.global_atten.original_ss2d.out_norm.bias:decay_mult=0.0
2025/06/11 18:36:47 - mmengine - WARNING - backbone.blocks1.1.mixer.m.attn.global_op.wt_filter is skipped since its requires_grad=False
2025/06/11 18:36:47 - mmengine - WARNING - backbone.blocks1.1.mixer.m.attn.global_op.iwt_filter is skipped since its requires_grad=False
2025/06/11 18:36:47 - mmengine - INFO - paramwise_options -- backbone.blocks1.1.mixer.m.attn.global_op.global_atten.original_ss2d.out_norm.weight:lr=0.00012
2025/06/11 18:36:47 - mmengine - INFO - paramwise_options -- backbone.blocks1.1.mixer.m.attn.global_op.global_atten.original_ss2d.out_norm.weight:weight_decay=0.0
2025/06/11 18:36:47 - mmengine - INFO - paramwise_options -- backbone.blocks1.1.mixer.m.attn.global_op.global_atten.original_ss2d.out_norm.weight:decay_mult=0.0
2025/06/11 18:36:47 - mmengine - INFO - paramwise_options -- backbone.blocks1.1.mixer.m.attn.global_op.global_atten.original_ss2d.out_norm.bias:lr=0.00012
2025/06/11 18:36:47 - mmengine - INFO - paramwise_options -- backbone.blocks1.1.mixer.m.attn.global_op.global_atten.original_ss2d.out_norm.bias:weight_decay=0.0
2025/06/11 18:36:47 - mmengine - INFO - paramwise_options -- backbone.blocks1.1.mixer.m.attn.global_op.global_atten.original_ss2d.out_norm.bias:decay_mult=0.0
2025/06/11 18:36:47 - mmengine - WARNING - backbone.blocks2.3.mixer.m.attn.global_op.wt_filter is skipped since its requires_grad=False
2025/06/11 18:36:47 - mmengine - WARNING - backbone.blocks2.3.mixer.m.attn.global_op.iwt_filter is skipped since its requires_grad=False
2025/06/11 18:36:47 - mmengine - INFO - paramwise_options -- backbone.blocks2.3.mixer.m.attn.global_op.global_atten.original_ss2d.out_norm.weight:lr=0.00012
2025/06/11 18:36:47 - mmengine - INFO - paramwise_options -- backbone.blocks2.3.mixer.m.attn.global_op.global_atten.original_ss2d.out_norm.weight:weight_decay=0.0
2025/06/11 18:36:47 - mmengine - INFO - paramwise_options -- backbone.blocks2.3.mixer.m.attn.global_op.global_atten.original_ss2d.out_norm.weight:decay_mult=0.0
2025/06/11 18:36:47 - mmengine - INFO - paramwise_options -- backbone.blocks2.3.mixer.m.attn.global_op.global_atten.original_ss2d.out_norm.bias:lr=0.00012
2025/06/11 18:36:47 - mmengine - INFO - paramwise_options -- backbone.blocks2.3.mixer.m.attn.global_op.global_atten.original_ss2d.out_norm.bias:weight_decay=0.0
2025/06/11 18:36:47 - mmengine - INFO - paramwise_options -- backbone.blocks2.3.mixer.m.attn.global_op.global_atten.original_ss2d.out_norm.bias:decay_mult=0.0
2025/06/11 18:36:47 - mmengine - WARNING - backbone.blocks2.4.mixer.m.attn.global_op.wt_filter is skipped since its requires_grad=False
2025/06/11 18:36:47 - mmengine - WARNING - backbone.blocks2.4.mixer.m.attn.global_op.iwt_filter is skipped since its requires_grad=False
2025/06/11 18:36:47 - mmengine - INFO - paramwise_options -- backbone.blocks2.4.mixer.m.attn.global_op.global_atten.original_ss2d.out_norm.weight:lr=0.00012
2025/06/11 18:36:47 - mmengine - INFO - paramwise_options -- backbone.blocks2.4.mixer.m.attn.global_op.global_atten.original_ss2d.out_norm.weight:weight_decay=0.0
2025/06/11 18:36:47 - mmengine - INFO - paramwise_options -- backbone.blocks2.4.mixer.m.attn.global_op.global_atten.original_ss2d.out_norm.weight:decay_mult=0.0
2025/06/11 18:36:47 - mmengine - INFO - paramwise_options -- backbone.blocks2.4.mixer.m.attn.global_op.global_atten.original_ss2d.out_norm.bias:lr=0.00012
2025/06/11 18:36:47 - mmengine - INFO - paramwise_options -- backbone.blocks2.4.mixer.m.attn.global_op.global_atten.original_ss2d.out_norm.bias:weight_decay=0.0
2025/06/11 18:36:47 - mmengine - INFO - paramwise_options -- backbone.blocks2.4.mixer.m.attn.global_op.global_atten.original_ss2d.out_norm.bias:decay_mult=0.0
2025/06/11 18:36:47 - mmengine - WARNING - backbone.blocks2.5.mixer.m.attn.global_op.wt_filter is skipped since its requires_grad=False
2025/06/11 18:36:47 - mmengine - WARNING - backbone.blocks2.5.mixer.m.attn.global_op.iwt_filter is skipped since its requires_grad=False
2025/06/11 18:36:47 - mmengine - INFO - paramwise_options -- backbone.blocks2.5.mixer.m.attn.global_op.global_atten.original_ss2d.out_norm.weight:lr=0.00012
2025/06/11 18:36:47 - mmengine - INFO - paramwise_options -- backbone.blocks2.5.mixer.m.attn.global_op.global_atten.original_ss2d.out_norm.weight:weight_decay=0.0
2025/06/11 18:36:47 - mmengine - INFO - paramwise_options -- backbone.blocks2.5.mixer.m.attn.global_op.global_atten.original_ss2d.out_norm.weight:decay_mult=0.0
2025/06/11 18:36:47 - mmengine - INFO - paramwise_options -- backbone.blocks2.5.mixer.m.attn.global_op.global_atten.original_ss2d.out_norm.bias:lr=0.00012
2025/06/11 18:36:47 - mmengine - INFO - paramwise_options -- backbone.blocks2.5.mixer.m.attn.global_op.global_atten.original_ss2d.out_norm.bias:weight_decay=0.0
2025/06/11 18:36:47 - mmengine - INFO - paramwise_options -- backbone.blocks2.5.mixer.m.attn.global_op.global_atten.original_ss2d.out_norm.bias:decay_mult=0.0
2025/06/11 18:36:48 - mmengine - WARNING - backbone.blocks3.3.mixer.m.attn.global_op.wt_filter is skipped since its requires_grad=False
2025/06/11 18:36:48 - mmengine - WARNING - backbone.blocks3.3.mixer.m.attn.global_op.iwt_filter is skipped since its requires_grad=False
2025/06/11 18:36:48 - mmengine - INFO - paramwise_options -- backbone.blocks3.3.mixer.m.attn.global_op.global_atten.original_ss2d.out_norm.weight:lr=0.00012
2025/06/11 18:36:48 - mmengine - INFO - paramwise_options -- backbone.blocks3.3.mixer.m.attn.global_op.global_atten.original_ss2d.out_norm.weight:weight_decay=0.0
2025/06/11 18:36:48 - mmengine - INFO - paramwise_options -- backbone.blocks3.3.mixer.m.attn.global_op.global_atten.original_ss2d.out_norm.weight:decay_mult=0.0
2025/06/11 18:36:48 - mmengine - INFO - paramwise_options -- backbone.blocks3.3.mixer.m.attn.global_op.global_atten.original_ss2d.out_norm.bias:lr=0.00012
2025/06/11 18:36:48 - mmengine - INFO - paramwise_options -- backbone.blocks3.3.mixer.m.attn.global_op.global_atten.original_ss2d.out_norm.bias:weight_decay=0.0
2025/06/11 18:36:48 - mmengine - INFO - paramwise_options -- backbone.blocks3.3.mixer.m.attn.global_op.global_atten.original_ss2d.out_norm.bias:decay_mult=0.0
2025/06/11 18:36:48 - mmengine - WARNING - backbone.blocks3.4.mixer.m.attn.global_op.wt_filter is skipped since its requires_grad=False
2025/06/11 18:36:48 - mmengine - WARNING - backbone.blocks3.4.mixer.m.attn.global_op.iwt_filter is skipped since its requires_grad=False
2025/06/11 18:36:48 - mmengine - INFO - paramwise_options -- backbone.blocks3.4.mixer.m.attn.global_op.global_atten.original_ss2d.out_norm.weight:lr=0.00012
2025/06/11 18:36:48 - mmengine - INFO - paramwise_options -- backbone.blocks3.4.mixer.m.attn.global_op.global_atten.original_ss2d.out_norm.weight:weight_decay=0.0
2025/06/11 18:36:48 - mmengine - INFO - paramwise_options -- backbone.blocks3.4.mixer.m.attn.global_op.global_atten.original_ss2d.out_norm.weight:decay_mult=0.0
2025/06/11 18:36:48 - mmengine - INFO - paramwise_options -- backbone.blocks3.4.mixer.m.attn.global_op.global_atten.original_ss2d.out_norm.bias:lr=0.00012
2025/06/11 18:36:48 - mmengine - INFO - paramwise_options -- backbone.blocks3.4.mixer.m.attn.global_op.global_atten.original_ss2d.out_norm.bias:weight_decay=0.0
2025/06/11 18:36:48 - mmengine - INFO - paramwise_options -- backbone.blocks3.4.mixer.m.attn.global_op.global_atten.original_ss2d.out_norm.bias:decay_mult=0.0
2025/06/11 18:37:09 - mmengine - WARNING - The prefix is not set in metric class IoUMetric.
Name of parameter - Initialization information

backbone.patch_embed.0.c.weight - torch.Size([25, 3, 3, 3]): 
The value is the same before and after calling `init_weights` of EncoderDecoder  

backbone.patch_embed.0.bn.weight - torch.Size([25]): 
The value is the same before and after calling `init_weights` of EncoderDecoder  

backbone.patch_embed.0.bn.bias - torch.Size([25]): 
The value is the same before and after calling `init_weights` of EncoderDecoder  

backbone.patch_embed.2.c.weight - torch.Size([50, 25, 3, 3]): 
The value is the same before and after calling `init_weights` of EncoderDecoder  

backbone.patch_embed.2.bn.weight - torch.Size([50]): 
The value is the same before and after calling `init_weights` of EncoderDecoder  

backbone.patch_embed.2.bn.bias - torch.Size([50]): 
The value is the same before and after calling `init_weights` of EncoderDecoder  

backbone.patch_embed.3.c.weight - torch.Size([100, 50, 3, 3]): 
The value is the same before and after calling `init_weights` of EncoderDecoder  

backbone.patch_embed.3.bn.weight - torch.Size([100]): 
The value is the same before and after calling `init_weights` of EncoderDecoder  

backbone.patch_embed.3.bn.bias - torch.Size([100]): 
The value is the same before and after calling `init_weights` of EncoderDecoder  

backbone.patch_embed.4.c.weight - torch.Size([200, 100, 3, 3]): 
The value is the same before and after calling `init_weights` of EncoderDecoder  

backbone.patch_embed.4.bn.weight - torch.Size([200]): 
The value is the same before and after calling `init_weights` of EncoderDecoder  

backbone.patch_embed.4.bn.bias - torch.Size([200]): 
The value is the same before and after calling `init_weights` of EncoderDecoder  

backbone.blocks1.0.dw0.m.c.weight - torch.Size([200, 1, 3, 3]): 
The value is the same before and after calling `init_weights` of EncoderDecoder  

backbone.blocks1.0.dw0.m.bn.weight - torch.Size([200]): 
The value is the same before and after calling `init_weights` of EncoderDecoder  

backbone.blocks1.0.dw0.m.bn.bias - torch.Size([200]): 
The value is the same before and after calling `init_weights` of EncoderDecoder  

backbone.blocks1.0.ffn0.m.pw1.c.weight - torch.Size([400, 200, 1, 1]): 
The value is the same before and after calling `init_weights` of EncoderDecoder  

backbone.blocks1.0.ffn0.m.pw1.bn.weight - torch.Size([400]): 
The value is the same before and after calling `init_weights` of EncoderDecoder  

backbone.blocks1.0.ffn0.m.pw1.bn.bias - torch.Size([400]): 
The value is the same before and after calling `init_weights` of EncoderDecoder  

backbone.blocks1.0.ffn0.m.pw2.c.weight - torch.Size([200, 400, 1, 1]): 
The value is the same before and after calling `init_weights` of EncoderDecoder  

backbone.blocks1.0.ffn0.m.pw2.bn.weight - torch.Size([200]): 
The value is the same before and after calling `init_weights` of EncoderDecoder  

backbone.blocks1.0.ffn0.m.pw2.bn.bias - torch.Size([200]): 
The value is the same before and after calling `init_weights` of EncoderDecoder  

backbone.blocks1.0.mixer.m.attn.local_op.dwconv3x3.weight - torch.Size([40, 1, 7, 7]): 
The value is the same before and after calling `init_weights` of EncoderDecoder  

backbone.blocks1.0.mixer.m.attn.local_op.bn1.weight - torch.Size([40]): 
The value is the same before and after calling `init_weights` of EncoderDecoder  

backbone.blocks1.0.mixer.m.attn.local_op.bn1.bias - torch.Size([40]): 
The value is the same before and after calling `init_weights` of EncoderDecoder  

backbone.blocks1.0.mixer.m.attn.local_op.dwconv1x1.weight - torch.Size([40, 1, 1, 1]): 
The value is the same before and after calling `init_weights` of EncoderDecoder  

backbone.blocks1.0.mixer.m.attn.local_op.bn2.weight - torch.Size([40]): 
The value is the same before and after calling `init_weights` of EncoderDecoder  

backbone.blocks1.0.mixer.m.attn.local_op.bn2.bias - torch.Size([40]): 
The value is the same before and after calling `init_weights` of EncoderDecoder  

backbone.blocks1.0.mixer.m.attn.global_op.wt_filter - torch.Size([640, 1, 2, 2]): 
The value is the same before and after calling `init_weights` of EncoderDecoder  

backbone.blocks1.0.mixer.m.attn.global_op.iwt_filter - torch.Size([640, 1, 2, 2]): 
The value is the same before and after calling `init_weights` of EncoderDecoder  

backbone.blocks1.0.mixer.m.attn.global_op.global_atten.original_ss2d.x_proj_weight - torch.Size([2, 12, 320]): 
The value is the same before and after calling `init_weights` of EncoderDecoder  

backbone.blocks1.0.mixer.m.attn.global_op.global_atten.original_ss2d.Ds - torch.Size([640]): 
The value is the same before and after calling `init_weights` of EncoderDecoder  

backbone.blocks1.0.mixer.m.attn.global_op.global_atten.original_ss2d.A_logs - torch.Size([640, 1]): 
The value is the same before and after calling `init_weights` of EncoderDecoder  

backbone.blocks1.0.mixer.m.attn.global_op.global_atten.original_ss2d.dt_projs_weight - torch.Size([2, 320, 10]): 
The value is the same before and after calling `init_weights` of EncoderDecoder  

backbone.blocks1.0.mixer.m.attn.global_op.global_atten.original_ss2d.dt_projs_bias - torch.Size([2, 320]): 
The value is the same before and after calling `init_weights` of EncoderDecoder  

backbone.blocks1.0.mixer.m.attn.global_op.global_atten.original_ss2d.out_norm.weight - torch.Size([320]): 
The value is the same before and after calling `init_weights` of EncoderDecoder  

backbone.blocks1.0.mixer.m.attn.global_op.global_atten.original_ss2d.out_norm.bias - torch.Size([320]): 
The value is the same before and after calling `init_weights` of EncoderDecoder  

backbone.blocks1.0.mixer.m.attn.global_op.global_atten.original_ss2d.in_proj.c.weight - torch.Size([640, 160, 1, 1]): 
The value is the same before and after calling `init_weights` of EncoderDecoder  

backbone.blocks1.0.mixer.m.attn.global_op.global_atten.original_ss2d.in_proj.bn.weight - torch.Size([640]): 
The value is the same before and after calling `init_weights` of EncoderDecoder  

backbone.blocks1.0.mixer.m.attn.global_op.global_atten.original_ss2d.in_proj.bn.bias - torch.Size([640]): 
The value is the same before and after calling `init_weights` of EncoderDecoder  

backbone.blocks1.0.mixer.m.attn.global_op.global_atten.original_ss2d.conv2d.weight - torch.Size([320, 1, 3, 3]): 
The value is the same before and after calling `init_weights` of EncoderDecoder  

backbone.blocks1.0.mixer.m.attn.global_op.global_atten.original_ss2d.conv2d.bias - torch.Size([320]): 
The value is the same before and after calling `init_weights` of EncoderDecoder  

backbone.blocks1.0.mixer.m.attn.global_op.global_atten.original_ss2d.out_proj.c.weight - torch.Size([160, 320, 1, 1]): 
The value is the same before and after calling `init_weights` of EncoderDecoder  

backbone.blocks1.0.mixer.m.attn.global_op.global_atten.original_ss2d.out_proj.bn.weight - torch.Size([160]): 
The value is the same before and after calling `init_weights` of EncoderDecoder  

backbone.blocks1.0.mixer.m.attn.global_op.global_atten.original_ss2d.out_proj.bn.bias - torch.Size([160]): 
The value is the same before and after calling `init_weights` of EncoderDecoder  

backbone.blocks1.0.mixer.m.attn.global_op.base_scale.weight - torch.Size([1, 160, 1, 1]): 
The value is the same before and after calling `init_weights` of EncoderDecoder  

backbone.blocks1.0.mixer.m.attn.global_op.wavelet_convs.0.weight - torch.Size([640, 1, 7, 7]): 
The value is the same before and after calling `init_weights` of EncoderDecoder  

backbone.blocks1.0.mixer.m.attn.global_op.wavelet_scale.0.weight - torch.Size([1, 640, 1, 1]): 
The value is the same before and after calling `init_weights` of EncoderDecoder  

backbone.blocks1.0.mixer.m.attn.proj.1.c.weight - torch.Size([200, 200, 1, 1]): 
The value is the same before and after calling `init_weights` of EncoderDecoder  

backbone.blocks1.0.mixer.m.attn.proj.1.bn.weight - torch.Size([200]): 
The value is the same before and after calling `init_weights` of EncoderDecoder  

backbone.blocks1.0.mixer.m.attn.proj.1.bn.bias - torch.Size([200]): 
The value is the same before and after calling `init_weights` of EncoderDecoder  

backbone.blocks1.0.dw1.m.c.weight - torch.Size([200, 1, 3, 3]): 
The value is the same before and after calling `init_weights` of EncoderDecoder  

backbone.blocks1.0.dw1.m.bn.weight - torch.Size([200]): 
The value is the same before and after calling `init_weights` of EncoderDecoder  

backbone.blocks1.0.dw1.m.bn.bias - torch.Size([200]): 
The value is the same before and after calling `init_weights` of EncoderDecoder  

backbone.blocks1.0.ffn1.m.pw1.c.weight - torch.Size([400, 200, 1, 1]): 
The value is the same before and after calling `init_weights` of EncoderDecoder  

backbone.blocks1.0.ffn1.m.pw1.bn.weight - torch.Size([400]): 
The value is the same before and after calling `init_weights` of EncoderDecoder  

backbone.blocks1.0.ffn1.m.pw1.bn.bias - torch.Size([400]): 
The value is the same before and after calling `init_weights` of EncoderDecoder  

backbone.blocks1.0.ffn1.m.pw2.c.weight - torch.Size([200, 400, 1, 1]): 
The value is the same before and after calling `init_weights` of EncoderDecoder  

backbone.blocks1.0.ffn1.m.pw2.bn.weight - torch.Size([200]): 
The value is the same before and after calling `init_weights` of EncoderDecoder  

backbone.blocks1.0.ffn1.m.pw2.bn.bias - torch.Size([200]): 
The value is the same before and after calling `init_weights` of EncoderDecoder  

backbone.blocks1.1.dw0.m.c.weight - torch.Size([200, 1, 3, 3]): 
The value is the same before and after calling `init_weights` of EncoderDecoder  

backbone.blocks1.1.dw0.m.bn.weight - torch.Size([200]): 
The value is the same before and after calling `init_weights` of EncoderDecoder  

backbone.blocks1.1.dw0.m.bn.bias - torch.Size([200]): 
The value is the same before and after calling `init_weights` of EncoderDecoder  

backbone.blocks1.1.ffn0.m.pw1.c.weight - torch.Size([400, 200, 1, 1]): 
The value is the same before and after calling `init_weights` of EncoderDecoder  

backbone.blocks1.1.ffn0.m.pw1.bn.weight - torch.Size([400]): 
The value is the same before and after calling `init_weights` of EncoderDecoder  

backbone.blocks1.1.ffn0.m.pw1.bn.bias - torch.Size([400]): 
The value is the same before and after calling `init_weights` of EncoderDecoder  

backbone.blocks1.1.ffn0.m.pw2.c.weight - torch.Size([200, 400, 1, 1]): 
The value is the same before and after calling `init_weights` of EncoderDecoder  

backbone.blocks1.1.ffn0.m.pw2.bn.weight - torch.Size([200]): 
The value is the same before and after calling `init_weights` of EncoderDecoder  

backbone.blocks1.1.ffn0.m.pw2.bn.bias - torch.Size([200]): 
The value is the same before and after calling `init_weights` of EncoderDecoder  

backbone.blocks1.1.mixer.m.attn.local_op.dwconv3x3.weight - torch.Size([40, 1, 7, 7]): 
The value is the same before and after calling `init_weights` of EncoderDecoder  

backbone.blocks1.1.mixer.m.attn.local_op.bn1.weight - torch.Size([40]): 
The value is the same before and after calling `init_weights` of EncoderDecoder  

backbone.blocks1.1.mixer.m.attn.local_op.bn1.bias - torch.Size([40]): 
The value is the same before and after calling `init_weights` of EncoderDecoder  

backbone.blocks1.1.mixer.m.attn.local_op.dwconv1x1.weight - torch.Size([40, 1, 1, 1]): 
The value is the same before and after calling `init_weights` of EncoderDecoder  

backbone.blocks1.1.mixer.m.attn.local_op.bn2.weight - torch.Size([40]): 
The value is the same before and after calling `init_weights` of EncoderDecoder  

backbone.blocks1.1.mixer.m.attn.local_op.bn2.bias - torch.Size([40]): 
The value is the same before and after calling `init_weights` of EncoderDecoder  

backbone.blocks1.1.mixer.m.attn.global_op.wt_filter - torch.Size([640, 1, 2, 2]): 
The value is the same before and after calling `init_weights` of EncoderDecoder  

backbone.blocks1.1.mixer.m.attn.global_op.iwt_filter - torch.Size([640, 1, 2, 2]): 
The value is the same before and after calling `init_weights` of EncoderDecoder  

backbone.blocks1.1.mixer.m.attn.global_op.global_atten.original_ss2d.x_proj_weight - torch.Size([2, 12, 320]): 
The value is the same before and after calling `init_weights` of EncoderDecoder  

backbone.blocks1.1.mixer.m.attn.global_op.global_atten.original_ss2d.Ds - torch.Size([640]): 
The value is the same before and after calling `init_weights` of EncoderDecoder  

backbone.blocks1.1.mixer.m.attn.global_op.global_atten.original_ss2d.A_logs - torch.Size([640, 1]): 
The value is the same before and after calling `init_weights` of EncoderDecoder  

backbone.blocks1.1.mixer.m.attn.global_op.global_atten.original_ss2d.dt_projs_weight - torch.Size([2, 320, 10]): 
The value is the same before and after calling `init_weights` of EncoderDecoder  

backbone.blocks1.1.mixer.m.attn.global_op.global_atten.original_ss2d.dt_projs_bias - torch.Size([2, 320]): 
The value is the same before and after calling `init_weights` of EncoderDecoder  

backbone.blocks1.1.mixer.m.attn.global_op.global_atten.original_ss2d.out_norm.weight - torch.Size([320]): 
The value is the same before and after calling `init_weights` of EncoderDecoder  

backbone.blocks1.1.mixer.m.attn.global_op.global_atten.original_ss2d.out_norm.bias - torch.Size([320]): 
The value is the same before and after calling `init_weights` of EncoderDecoder  

backbone.blocks1.1.mixer.m.attn.global_op.global_atten.original_ss2d.in_proj.c.weight - torch.Size([640, 160, 1, 1]): 
The value is the same before and after calling `init_weights` of EncoderDecoder  

backbone.blocks1.1.mixer.m.attn.global_op.global_atten.original_ss2d.in_proj.bn.weight - torch.Size([640]): 
The value is the same before and after calling `init_weights` of EncoderDecoder  

backbone.blocks1.1.mixer.m.attn.global_op.global_atten.original_ss2d.in_proj.bn.bias - torch.Size([640]): 
The value is the same before and after calling `init_weights` of EncoderDecoder  

backbone.blocks1.1.mixer.m.attn.global_op.global_atten.original_ss2d.conv2d.weight - torch.Size([320, 1, 3, 3]): 
The value is the same before and after calling `init_weights` of EncoderDecoder  

backbone.blocks1.1.mixer.m.attn.global_op.global_atten.original_ss2d.conv2d.bias - torch.Size([320]): 
The value is the same before and after calling `init_weights` of EncoderDecoder  

backbone.blocks1.1.mixer.m.attn.global_op.global_atten.original_ss2d.out_proj.c.weight - torch.Size([160, 320, 1, 1]): 
The value is the same before and after calling `init_weights` of EncoderDecoder  

backbone.blocks1.1.mixer.m.attn.global_op.global_atten.original_ss2d.out_proj.bn.weight - torch.Size([160]): 
The value is the same before and after calling `init_weights` of EncoderDecoder  

backbone.blocks1.1.mixer.m.attn.global_op.global_atten.original_ss2d.out_proj.bn.bias - torch.Size([160]): 
The value is the same before and after calling `init_weights` of EncoderDecoder  

backbone.blocks1.1.mixer.m.attn.global_op.base_scale.weight - torch.Size([1, 160, 1, 1]): 
The value is the same before and after calling `init_weights` of EncoderDecoder  

backbone.blocks1.1.mixer.m.attn.global_op.wavelet_convs.0.weight - torch.Size([640, 1, 7, 7]): 
The value is the same before and after calling `init_weights` of EncoderDecoder  

backbone.blocks1.1.mixer.m.attn.global_op.wavelet_scale.0.weight - torch.Size([1, 640, 1, 1]): 
The value is the same before and after calling `init_weights` of EncoderDecoder  

backbone.blocks1.1.mixer.m.attn.proj.1.c.weight - torch.Size([200, 200, 1, 1]): 
The value is the same before and after calling `init_weights` of EncoderDecoder  

backbone.blocks1.1.mixer.m.attn.proj.1.bn.weight - torch.Size([200]): 
The value is the same before and after calling `init_weights` of EncoderDecoder  

backbone.blocks1.1.mixer.m.attn.proj.1.bn.bias - torch.Size([200]): 
The value is the same before and after calling `init_weights` of EncoderDecoder  

backbone.blocks1.1.dw1.m.c.weight - torch.Size([200, 1, 3, 3]): 
The value is the same before and after calling `init_weights` of EncoderDecoder  

backbone.blocks1.1.dw1.m.bn.weight - torch.Size([200]): 
The value is the same before and after calling `init_weights` of EncoderDecoder  

backbone.blocks1.1.dw1.m.bn.bias - torch.Size([200]): 
The value is the same before and after calling `init_weights` of EncoderDecoder  

backbone.blocks1.1.ffn1.m.pw1.c.weight - torch.Size([400, 200, 1, 1]): 
The value is the same before and after calling `init_weights` of EncoderDecoder  

backbone.blocks1.1.ffn1.m.pw1.bn.weight - torch.Size([400]): 
The value is the same before and after calling `init_weights` of EncoderDecoder  

backbone.blocks1.1.ffn1.m.pw1.bn.bias - torch.Size([400]): 
The value is the same before and after calling `init_weights` of EncoderDecoder  

backbone.blocks1.1.ffn1.m.pw2.c.weight - torch.Size([200, 400, 1, 1]): 
The value is the same before and after calling `init_weights` of EncoderDecoder  

backbone.blocks1.1.ffn1.m.pw2.bn.weight - torch.Size([200]): 
The value is the same before and after calling `init_weights` of EncoderDecoder  

backbone.blocks1.1.ffn1.m.pw2.bn.bias - torch.Size([200]): 
The value is the same before and after calling `init_weights` of EncoderDecoder  

backbone.blocks2.0.0.m.c.weight - torch.Size([200, 1, 3, 3]): 
The value is the same before and after calling `init_weights` of EncoderDecoder  

backbone.blocks2.0.0.m.bn.weight - torch.Size([200]): 
The value is the same before and after calling `init_weights` of EncoderDecoder  

backbone.blocks2.0.0.m.bn.bias - torch.Size([200]): 
The value is the same before and after calling `init_weights` of EncoderDecoder  

backbone.blocks2.0.1.m.pw1.c.weight - torch.Size([400, 200, 1, 1]): 
The value is the same before and after calling `init_weights` of EncoderDecoder  

backbone.blocks2.0.1.m.pw1.bn.weight - torch.Size([400]): 
The value is the same before and after calling `init_weights` of EncoderDecoder  

backbone.blocks2.0.1.m.pw1.bn.bias - torch.Size([400]): 
The value is the same before and after calling `init_weights` of EncoderDecoder  

backbone.blocks2.0.1.m.pw2.c.weight - torch.Size([200, 400, 1, 1]): 
The value is the same before and after calling `init_weights` of EncoderDecoder  

backbone.blocks2.0.1.m.pw2.bn.weight - torch.Size([200]): 
The value is the same before and after calling `init_weights` of EncoderDecoder  

backbone.blocks2.0.1.m.pw2.bn.bias - torch.Size([200]): 
The value is the same before and after calling `init_weights` of EncoderDecoder  

backbone.blocks2.1.conv1.c.weight - torch.Size([800, 200, 1, 1]): 
The value is the same before and after calling `init_weights` of EncoderDecoder  

backbone.blocks2.1.conv1.bn.weight - torch.Size([800]): 
The value is the same before and after calling `init_weights` of EncoderDecoder  

backbone.blocks2.1.conv1.bn.bias - torch.Size([800]): 
The value is the same before and after calling `init_weights` of EncoderDecoder  

backbone.blocks2.1.conv2.c.weight - torch.Size([800, 1, 3, 3]): 
The value is the same before and after calling `init_weights` of EncoderDecoder  

backbone.blocks2.1.conv2.bn.weight - torch.Size([800]): 
The value is the same before and after calling `init_weights` of EncoderDecoder  

backbone.blocks2.1.conv2.bn.bias - torch.Size([800]): 
The value is the same before and after calling `init_weights` of EncoderDecoder  

backbone.blocks2.1.se.fc1.weight - torch.Size([200, 800, 1, 1]): 
The value is the same before and after calling `init_weights` of EncoderDecoder  

backbone.blocks2.1.se.fc1.bias - torch.Size([200]): 
The value is the same before and after calling `init_weights` of EncoderDecoder  

backbone.blocks2.1.se.fc2.weight - torch.Size([800, 200, 1, 1]): 
The value is the same before and after calling `init_weights` of EncoderDecoder  

backbone.blocks2.1.se.fc2.bias - torch.Size([800]): 
The value is the same before and after calling `init_weights` of EncoderDecoder  

backbone.blocks2.1.conv3.c.weight - torch.Size([376, 800, 1, 1]): 
The value is the same before and after calling `init_weights` of EncoderDecoder  

backbone.blocks2.1.conv3.bn.weight - torch.Size([376]): 
The value is the same before and after calling `init_weights` of EncoderDecoder  

backbone.blocks2.1.conv3.bn.bias - torch.Size([376]): 
The value is the same before and after calling `init_weights` of EncoderDecoder  

backbone.blocks2.2.0.m.c.weight - torch.Size([376, 1, 3, 3]): 
The value is the same before and after calling `init_weights` of EncoderDecoder  

backbone.blocks2.2.0.m.bn.weight - torch.Size([376]): 
The value is the same before and after calling `init_weights` of EncoderDecoder  

backbone.blocks2.2.0.m.bn.bias - torch.Size([376]): 
The value is the same before and after calling `init_weights` of EncoderDecoder  

backbone.blocks2.2.1.m.pw1.c.weight - torch.Size([752, 376, 1, 1]): 
The value is the same before and after calling `init_weights` of EncoderDecoder  

backbone.blocks2.2.1.m.pw1.bn.weight - torch.Size([752]): 
The value is the same before and after calling `init_weights` of EncoderDecoder  

backbone.blocks2.2.1.m.pw1.bn.bias - torch.Size([752]): 
The value is the same before and after calling `init_weights` of EncoderDecoder  

backbone.blocks2.2.1.m.pw2.c.weight - torch.Size([376, 752, 1, 1]): 
The value is the same before and after calling `init_weights` of EncoderDecoder  

backbone.blocks2.2.1.m.pw2.bn.weight - torch.Size([376]): 
The value is the same before and after calling `init_weights` of EncoderDecoder  

backbone.blocks2.2.1.m.pw2.bn.bias - torch.Size([376]): 
The value is the same before and after calling `init_weights` of EncoderDecoder  

backbone.blocks2.3.dw0.m.c.weight - torch.Size([376, 1, 3, 3]): 
The value is the same before and after calling `init_weights` of EncoderDecoder  

backbone.blocks2.3.dw0.m.bn.weight - torch.Size([376]): 
The value is the same before and after calling `init_weights` of EncoderDecoder  

backbone.blocks2.3.dw0.m.bn.bias - torch.Size([376]): 
The value is the same before and after calling `init_weights` of EncoderDecoder  

backbone.blocks2.3.ffn0.m.pw1.c.weight - torch.Size([752, 376, 1, 1]): 
The value is the same before and after calling `init_weights` of EncoderDecoder  

backbone.blocks2.3.ffn0.m.pw1.bn.weight - torch.Size([752]): 
The value is the same before and after calling `init_weights` of EncoderDecoder  

backbone.blocks2.3.ffn0.m.pw1.bn.bias - torch.Size([752]): 
The value is the same before and after calling `init_weights` of EncoderDecoder  

backbone.blocks2.3.ffn0.m.pw2.c.weight - torch.Size([376, 752, 1, 1]): 
The value is the same before and after calling `init_weights` of EncoderDecoder  

backbone.blocks2.3.ffn0.m.pw2.bn.weight - torch.Size([376]): 
The value is the same before and after calling `init_weights` of EncoderDecoder  

backbone.blocks2.3.ffn0.m.pw2.bn.bias - torch.Size([376]): 
The value is the same before and after calling `init_weights` of EncoderDecoder  

backbone.blocks2.3.mixer.m.attn.local_op.dwconv3x3.weight - torch.Size([75, 1, 5, 5]): 
The value is the same before and after calling `init_weights` of EncoderDecoder  

backbone.blocks2.3.mixer.m.attn.local_op.bn1.weight - torch.Size([75]): 
The value is the same before and after calling `init_weights` of EncoderDecoder  

backbone.blocks2.3.mixer.m.attn.local_op.bn1.bias - torch.Size([75]): 
The value is the same before and after calling `init_weights` of EncoderDecoder  

backbone.blocks2.3.mixer.m.attn.local_op.dwconv1x1.weight - torch.Size([75, 1, 1, 1]): 
The value is the same before and after calling `init_weights` of EncoderDecoder  

backbone.blocks2.3.mixer.m.attn.local_op.bn2.weight - torch.Size([75]): 
The value is the same before and after calling `init_weights` of EncoderDecoder  

backbone.blocks2.3.mixer.m.attn.local_op.bn2.bias - torch.Size([75]): 
The value is the same before and after calling `init_weights` of EncoderDecoder  

backbone.blocks2.3.mixer.m.attn.global_op.wt_filter - torch.Size([1024, 1, 2, 2]): 
The value is the same before and after calling `init_weights` of EncoderDecoder  

backbone.blocks2.3.mixer.m.attn.global_op.iwt_filter - torch.Size([1024, 1, 2, 2]): 
The value is the same before and after calling `init_weights` of EncoderDecoder  

backbone.blocks2.3.mixer.m.attn.global_op.global_atten.original_ss2d.x_proj_weight - torch.Size([2, 18, 512]): 
The value is the same before and after calling `init_weights` of EncoderDecoder  

backbone.blocks2.3.mixer.m.attn.global_op.global_atten.original_ss2d.Ds - torch.Size([1024]): 
The value is the same before and after calling `init_weights` of EncoderDecoder  

backbone.blocks2.3.mixer.m.attn.global_op.global_atten.original_ss2d.A_logs - torch.Size([1024, 1]): 
The value is the same before and after calling `init_weights` of EncoderDecoder  

backbone.blocks2.3.mixer.m.attn.global_op.global_atten.original_ss2d.dt_projs_weight - torch.Size([2, 512, 16]): 
The value is the same before and after calling `init_weights` of EncoderDecoder  

backbone.blocks2.3.mixer.m.attn.global_op.global_atten.original_ss2d.dt_projs_bias - torch.Size([2, 512]): 
The value is the same before and after calling `init_weights` of EncoderDecoder  

backbone.blocks2.3.mixer.m.attn.global_op.global_atten.original_ss2d.out_norm.weight - torch.Size([512]): 
The value is the same before and after calling `init_weights` of EncoderDecoder  

backbone.blocks2.3.mixer.m.attn.global_op.global_atten.original_ss2d.out_norm.bias - torch.Size([512]): 
The value is the same before and after calling `init_weights` of EncoderDecoder  

backbone.blocks2.3.mixer.m.attn.global_op.global_atten.original_ss2d.in_proj.c.weight - torch.Size([1024, 256, 1, 1]): 
The value is the same before and after calling `init_weights` of EncoderDecoder  

backbone.blocks2.3.mixer.m.attn.global_op.global_atten.original_ss2d.in_proj.bn.weight - torch.Size([1024]): 
The value is the same before and after calling `init_weights` of EncoderDecoder  

backbone.blocks2.3.mixer.m.attn.global_op.global_atten.original_ss2d.in_proj.bn.bias - torch.Size([1024]): 
The value is the same before and after calling `init_weights` of EncoderDecoder  

backbone.blocks2.3.mixer.m.attn.global_op.global_atten.original_ss2d.conv2d.weight - torch.Size([512, 1, 3, 3]): 
The value is the same before and after calling `init_weights` of EncoderDecoder  

backbone.blocks2.3.mixer.m.attn.global_op.global_atten.original_ss2d.conv2d.bias - torch.Size([512]): 
The value is the same before and after calling `init_weights` of EncoderDecoder  

backbone.blocks2.3.mixer.m.attn.global_op.global_atten.original_ss2d.out_proj.c.weight - torch.Size([256, 512, 1, 1]): 
The value is the same before and after calling `init_weights` of EncoderDecoder  

backbone.blocks2.3.mixer.m.attn.global_op.global_atten.original_ss2d.out_proj.bn.weight - torch.Size([256]): 
The value is the same before and after calling `init_weights` of EncoderDecoder  

backbone.blocks2.3.mixer.m.attn.global_op.global_atten.original_ss2d.out_proj.bn.bias - torch.Size([256]): 
The value is the same before and after calling `init_weights` of EncoderDecoder  

backbone.blocks2.3.mixer.m.attn.global_op.base_scale.weight - torch.Size([1, 256, 1, 1]): 
The value is the same before and after calling `init_weights` of EncoderDecoder  

backbone.blocks2.3.mixer.m.attn.global_op.wavelet_convs.0.weight - torch.Size([1024, 1, 5, 5]): 
The value is the same before and after calling `init_weights` of EncoderDecoder  

backbone.blocks2.3.mixer.m.attn.global_op.wavelet_scale.0.weight - torch.Size([1, 1024, 1, 1]): 
The value is the same before and after calling `init_weights` of EncoderDecoder  

backbone.blocks2.3.mixer.m.attn.proj.1.c.weight - torch.Size([376, 376, 1, 1]): 
The value is the same before and after calling `init_weights` of EncoderDecoder  

backbone.blocks2.3.mixer.m.attn.proj.1.bn.weight - torch.Size([376]): 
The value is the same before and after calling `init_weights` of EncoderDecoder  

backbone.blocks2.3.mixer.m.attn.proj.1.bn.bias - torch.Size([376]): 
The value is the same before and after calling `init_weights` of EncoderDecoder  

backbone.blocks2.3.dw1.m.c.weight - torch.Size([376, 1, 3, 3]): 
The value is the same before and after calling `init_weights` of EncoderDecoder  

backbone.blocks2.3.dw1.m.bn.weight - torch.Size([376]): 
The value is the same before and after calling `init_weights` of EncoderDecoder  

backbone.blocks2.3.dw1.m.bn.bias - torch.Size([376]): 
The value is the same before and after calling `init_weights` of EncoderDecoder  

backbone.blocks2.3.ffn1.m.pw1.c.weight - torch.Size([752, 376, 1, 1]): 
The value is the same before and after calling `init_weights` of EncoderDecoder  

backbone.blocks2.3.ffn1.m.pw1.bn.weight - torch.Size([752]): 
The value is the same before and after calling `init_weights` of EncoderDecoder  

backbone.blocks2.3.ffn1.m.pw1.bn.bias - torch.Size([752]): 
The value is the same before and after calling `init_weights` of EncoderDecoder  

backbone.blocks2.3.ffn1.m.pw2.c.weight - torch.Size([376, 752, 1, 1]): 
The value is the same before and after calling `init_weights` of EncoderDecoder  

backbone.blocks2.3.ffn1.m.pw2.bn.weight - torch.Size([376]): 
The value is the same before and after calling `init_weights` of EncoderDecoder  

backbone.blocks2.3.ffn1.m.pw2.bn.bias - torch.Size([376]): 
The value is the same before and after calling `init_weights` of EncoderDecoder  

backbone.blocks2.4.dw0.m.c.weight - torch.Size([376, 1, 3, 3]): 
The value is the same before and after calling `init_weights` of EncoderDecoder  

backbone.blocks2.4.dw0.m.bn.weight - torch.Size([376]): 
The value is the same before and after calling `init_weights` of EncoderDecoder  

backbone.blocks2.4.dw0.m.bn.bias - torch.Size([376]): 
The value is the same before and after calling `init_weights` of EncoderDecoder  

backbone.blocks2.4.ffn0.m.pw1.c.weight - torch.Size([752, 376, 1, 1]): 
The value is the same before and after calling `init_weights` of EncoderDecoder  

backbone.blocks2.4.ffn0.m.pw1.bn.weight - torch.Size([752]): 
The value is the same before and after calling `init_weights` of EncoderDecoder  

backbone.blocks2.4.ffn0.m.pw1.bn.bias - torch.Size([752]): 
The value is the same before and after calling `init_weights` of EncoderDecoder  

backbone.blocks2.4.ffn0.m.pw2.c.weight - torch.Size([376, 752, 1, 1]): 
The value is the same before and after calling `init_weights` of EncoderDecoder  

backbone.blocks2.4.ffn0.m.pw2.bn.weight - torch.Size([376]): 
The value is the same before and after calling `init_weights` of EncoderDecoder  

backbone.blocks2.4.ffn0.m.pw2.bn.bias - torch.Size([376]): 
The value is the same before and after calling `init_weights` of EncoderDecoder  

backbone.blocks2.4.mixer.m.attn.local_op.dwconv3x3.weight - torch.Size([75, 1, 5, 5]): 
The value is the same before and after calling `init_weights` of EncoderDecoder  

backbone.blocks2.4.mixer.m.attn.local_op.bn1.weight - torch.Size([75]): 
The value is the same before and after calling `init_weights` of EncoderDecoder  

backbone.blocks2.4.mixer.m.attn.local_op.bn1.bias - torch.Size([75]): 
The value is the same before and after calling `init_weights` of EncoderDecoder  

backbone.blocks2.4.mixer.m.attn.local_op.dwconv1x1.weight - torch.Size([75, 1, 1, 1]): 
The value is the same before and after calling `init_weights` of EncoderDecoder  

backbone.blocks2.4.mixer.m.attn.local_op.bn2.weight - torch.Size([75]): 
The value is the same before and after calling `init_weights` of EncoderDecoder  

backbone.blocks2.4.mixer.m.attn.local_op.bn2.bias - torch.Size([75]): 
The value is the same before and after calling `init_weights` of EncoderDecoder  

backbone.blocks2.4.mixer.m.attn.global_op.wt_filter - torch.Size([1024, 1, 2, 2]): 
The value is the same before and after calling `init_weights` of EncoderDecoder  

backbone.blocks2.4.mixer.m.attn.global_op.iwt_filter - torch.Size([1024, 1, 2, 2]): 
The value is the same before and after calling `init_weights` of EncoderDecoder  

backbone.blocks2.4.mixer.m.attn.global_op.global_atten.original_ss2d.x_proj_weight - torch.Size([2, 18, 512]): 
The value is the same before and after calling `init_weights` of EncoderDecoder  

backbone.blocks2.4.mixer.m.attn.global_op.global_atten.original_ss2d.Ds - torch.Size([1024]): 
The value is the same before and after calling `init_weights` of EncoderDecoder  

backbone.blocks2.4.mixer.m.attn.global_op.global_atten.original_ss2d.A_logs - torch.Size([1024, 1]): 
The value is the same before and after calling `init_weights` of EncoderDecoder  

backbone.blocks2.4.mixer.m.attn.global_op.global_atten.original_ss2d.dt_projs_weight - torch.Size([2, 512, 16]): 
The value is the same before and after calling `init_weights` of EncoderDecoder  

backbone.blocks2.4.mixer.m.attn.global_op.global_atten.original_ss2d.dt_projs_bias - torch.Size([2, 512]): 
The value is the same before and after calling `init_weights` of EncoderDecoder  

backbone.blocks2.4.mixer.m.attn.global_op.global_atten.original_ss2d.out_norm.weight - torch.Size([512]): 
The value is the same before and after calling `init_weights` of EncoderDecoder  

backbone.blocks2.4.mixer.m.attn.global_op.global_atten.original_ss2d.out_norm.bias - torch.Size([512]): 
The value is the same before and after calling `init_weights` of EncoderDecoder  

backbone.blocks2.4.mixer.m.attn.global_op.global_atten.original_ss2d.in_proj.c.weight - torch.Size([1024, 256, 1, 1]): 
The value is the same before and after calling `init_weights` of EncoderDecoder  

backbone.blocks2.4.mixer.m.attn.global_op.global_atten.original_ss2d.in_proj.bn.weight - torch.Size([1024]): 
The value is the same before and after calling `init_weights` of EncoderDecoder  

backbone.blocks2.4.mixer.m.attn.global_op.global_atten.original_ss2d.in_proj.bn.bias - torch.Size([1024]): 
The value is the same before and after calling `init_weights` of EncoderDecoder  

backbone.blocks2.4.mixer.m.attn.global_op.global_atten.original_ss2d.conv2d.weight - torch.Size([512, 1, 3, 3]): 
The value is the same before and after calling `init_weights` of EncoderDecoder  

backbone.blocks2.4.mixer.m.attn.global_op.global_atten.original_ss2d.conv2d.bias - torch.Size([512]): 
The value is the same before and after calling `init_weights` of EncoderDecoder  

backbone.blocks2.4.mixer.m.attn.global_op.global_atten.original_ss2d.out_proj.c.weight - torch.Size([256, 512, 1, 1]): 
The value is the same before and after calling `init_weights` of EncoderDecoder  

backbone.blocks2.4.mixer.m.attn.global_op.global_atten.original_ss2d.out_proj.bn.weight - torch.Size([256]): 
The value is the same before and after calling `init_weights` of EncoderDecoder  

backbone.blocks2.4.mixer.m.attn.global_op.global_atten.original_ss2d.out_proj.bn.bias - torch.Size([256]): 
The value is the same before and after calling `init_weights` of EncoderDecoder  

backbone.blocks2.4.mixer.m.attn.global_op.base_scale.weight - torch.Size([1, 256, 1, 1]): 
The value is the same before and after calling `init_weights` of EncoderDecoder  

backbone.blocks2.4.mixer.m.attn.global_op.wavelet_convs.0.weight - torch.Size([1024, 1, 5, 5]): 
The value is the same before and after calling `init_weights` of EncoderDecoder  

backbone.blocks2.4.mixer.m.attn.global_op.wavelet_scale.0.weight - torch.Size([1, 1024, 1, 1]): 
The value is the same before and after calling `init_weights` of EncoderDecoder  

backbone.blocks2.4.mixer.m.attn.proj.1.c.weight - torch.Size([376, 376, 1, 1]): 
The value is the same before and after calling `init_weights` of EncoderDecoder  

backbone.blocks2.4.mixer.m.attn.proj.1.bn.weight - torch.Size([376]): 
The value is the same before and after calling `init_weights` of EncoderDecoder  

backbone.blocks2.4.mixer.m.attn.proj.1.bn.bias - torch.Size([376]): 
The value is the same before and after calling `init_weights` of EncoderDecoder  

backbone.blocks2.4.dw1.m.c.weight - torch.Size([376, 1, 3, 3]): 
The value is the same before and after calling `init_weights` of EncoderDecoder  

backbone.blocks2.4.dw1.m.bn.weight - torch.Size([376]): 
The value is the same before and after calling `init_weights` of EncoderDecoder  

backbone.blocks2.4.dw1.m.bn.bias - torch.Size([376]): 
The value is the same before and after calling `init_weights` of EncoderDecoder  

backbone.blocks2.4.ffn1.m.pw1.c.weight - torch.Size([752, 376, 1, 1]): 
The value is the same before and after calling `init_weights` of EncoderDecoder  

backbone.blocks2.4.ffn1.m.pw1.bn.weight - torch.Size([752]): 
The value is the same before and after calling `init_weights` of EncoderDecoder  

backbone.blocks2.4.ffn1.m.pw1.bn.bias - torch.Size([752]): 
The value is the same before and after calling `init_weights` of EncoderDecoder  

backbone.blocks2.4.ffn1.m.pw2.c.weight - torch.Size([376, 752, 1, 1]): 
The value is the same before and after calling `init_weights` of EncoderDecoder  

backbone.blocks2.4.ffn1.m.pw2.bn.weight - torch.Size([376]): 
The value is the same before and after calling `init_weights` of EncoderDecoder  

backbone.blocks2.4.ffn1.m.pw2.bn.bias - torch.Size([376]): 
The value is the same before and after calling `init_weights` of EncoderDecoder  

backbone.blocks2.5.dw0.m.c.weight - torch.Size([376, 1, 3, 3]): 
The value is the same before and after calling `init_weights` of EncoderDecoder  

backbone.blocks2.5.dw0.m.bn.weight - torch.Size([376]): 
The value is the same before and after calling `init_weights` of EncoderDecoder  

backbone.blocks2.5.dw0.m.bn.bias - torch.Size([376]): 
The value is the same before and after calling `init_weights` of EncoderDecoder  

backbone.blocks2.5.ffn0.m.pw1.c.weight - torch.Size([752, 376, 1, 1]): 
The value is the same before and after calling `init_weights` of EncoderDecoder  

backbone.blocks2.5.ffn0.m.pw1.bn.weight - torch.Size([752]): 
The value is the same before and after calling `init_weights` of EncoderDecoder  

backbone.blocks2.5.ffn0.m.pw1.bn.bias - torch.Size([752]): 
The value is the same before and after calling `init_weights` of EncoderDecoder  

backbone.blocks2.5.ffn0.m.pw2.c.weight - torch.Size([376, 752, 1, 1]): 
The value is the same before and after calling `init_weights` of EncoderDecoder  

backbone.blocks2.5.ffn0.m.pw2.bn.weight - torch.Size([376]): 
The value is the same before and after calling `init_weights` of EncoderDecoder  

backbone.blocks2.5.ffn0.m.pw2.bn.bias - torch.Size([376]): 
The value is the same before and after calling `init_weights` of EncoderDecoder  

backbone.blocks2.5.mixer.m.attn.local_op.dwconv3x3.weight - torch.Size([75, 1, 5, 5]): 
The value is the same before and after calling `init_weights` of EncoderDecoder  

backbone.blocks2.5.mixer.m.attn.local_op.bn1.weight - torch.Size([75]): 
The value is the same before and after calling `init_weights` of EncoderDecoder  

backbone.blocks2.5.mixer.m.attn.local_op.bn1.bias - torch.Size([75]): 
The value is the same before and after calling `init_weights` of EncoderDecoder  

backbone.blocks2.5.mixer.m.attn.local_op.dwconv1x1.weight - torch.Size([75, 1, 1, 1]): 
The value is the same before and after calling `init_weights` of EncoderDecoder  

backbone.blocks2.5.mixer.m.attn.local_op.bn2.weight - torch.Size([75]): 
The value is the same before and after calling `init_weights` of EncoderDecoder  

backbone.blocks2.5.mixer.m.attn.local_op.bn2.bias - torch.Size([75]): 
The value is the same before and after calling `init_weights` of EncoderDecoder  

backbone.blocks2.5.mixer.m.attn.global_op.wt_filter - torch.Size([1024, 1, 2, 2]): 
The value is the same before and after calling `init_weights` of EncoderDecoder  

backbone.blocks2.5.mixer.m.attn.global_op.iwt_filter - torch.Size([1024, 1, 2, 2]): 
The value is the same before and after calling `init_weights` of EncoderDecoder  

backbone.blocks2.5.mixer.m.attn.global_op.global_atten.original_ss2d.x_proj_weight - torch.Size([2, 18, 512]): 
The value is the same before and after calling `init_weights` of EncoderDecoder  

backbone.blocks2.5.mixer.m.attn.global_op.global_atten.original_ss2d.Ds - torch.Size([1024]): 
The value is the same before and after calling `init_weights` of EncoderDecoder  

backbone.blocks2.5.mixer.m.attn.global_op.global_atten.original_ss2d.A_logs - torch.Size([1024, 1]): 
The value is the same before and after calling `init_weights` of EncoderDecoder  

backbone.blocks2.5.mixer.m.attn.global_op.global_atten.original_ss2d.dt_projs_weight - torch.Size([2, 512, 16]): 
The value is the same before and after calling `init_weights` of EncoderDecoder  

backbone.blocks2.5.mixer.m.attn.global_op.global_atten.original_ss2d.dt_projs_bias - torch.Size([2, 512]): 
The value is the same before and after calling `init_weights` of EncoderDecoder  

backbone.blocks2.5.mixer.m.attn.global_op.global_atten.original_ss2d.out_norm.weight - torch.Size([512]): 
The value is the same before and after calling `init_weights` of EncoderDecoder  

backbone.blocks2.5.mixer.m.attn.global_op.global_atten.original_ss2d.out_norm.bias - torch.Size([512]): 
The value is the same before and after calling `init_weights` of EncoderDecoder  

backbone.blocks2.5.mixer.m.attn.global_op.global_atten.original_ss2d.in_proj.c.weight - torch.Size([1024, 256, 1, 1]): 
The value is the same before and after calling `init_weights` of EncoderDecoder  

backbone.blocks2.5.mixer.m.attn.global_op.global_atten.original_ss2d.in_proj.bn.weight - torch.Size([1024]): 
The value is the same before and after calling `init_weights` of EncoderDecoder  

backbone.blocks2.5.mixer.m.attn.global_op.global_atten.original_ss2d.in_proj.bn.bias - torch.Size([1024]): 
The value is the same before and after calling `init_weights` of EncoderDecoder  

backbone.blocks2.5.mixer.m.attn.global_op.global_atten.original_ss2d.conv2d.weight - torch.Size([512, 1, 3, 3]): 
The value is the same before and after calling `init_weights` of EncoderDecoder  

backbone.blocks2.5.mixer.m.attn.global_op.global_atten.original_ss2d.conv2d.bias - torch.Size([512]): 
The value is the same before and after calling `init_weights` of EncoderDecoder  

backbone.blocks2.5.mixer.m.attn.global_op.global_atten.original_ss2d.out_proj.c.weight - torch.Size([256, 512, 1, 1]): 
The value is the same before and after calling `init_weights` of EncoderDecoder  

backbone.blocks2.5.mixer.m.attn.global_op.global_atten.original_ss2d.out_proj.bn.weight - torch.Size([256]): 
The value is the same before and after calling `init_weights` of EncoderDecoder  

backbone.blocks2.5.mixer.m.attn.global_op.global_atten.original_ss2d.out_proj.bn.bias - torch.Size([256]): 
The value is the same before and after calling `init_weights` of EncoderDecoder  

backbone.blocks2.5.mixer.m.attn.global_op.base_scale.weight - torch.Size([1, 256, 1, 1]): 
The value is the same before and after calling `init_weights` of EncoderDecoder  

backbone.blocks2.5.mixer.m.attn.global_op.wavelet_convs.0.weight - torch.Size([1024, 1, 5, 5]): 
The value is the same before and after calling `init_weights` of EncoderDecoder  

backbone.blocks2.5.mixer.m.attn.global_op.wavelet_scale.0.weight - torch.Size([1, 1024, 1, 1]): 
The value is the same before and after calling `init_weights` of EncoderDecoder  

backbone.blocks2.5.mixer.m.attn.proj.1.c.weight - torch.Size([376, 376, 1, 1]): 
The value is the same before and after calling `init_weights` of EncoderDecoder  

backbone.blocks2.5.mixer.m.attn.proj.1.bn.weight - torch.Size([376]): 
The value is the same before and after calling `init_weights` of EncoderDecoder  

backbone.blocks2.5.mixer.m.attn.proj.1.bn.bias - torch.Size([376]): 
The value is the same before and after calling `init_weights` of EncoderDecoder  

backbone.blocks2.5.dw1.m.c.weight - torch.Size([376, 1, 3, 3]): 
The value is the same before and after calling `init_weights` of EncoderDecoder  

backbone.blocks2.5.dw1.m.bn.weight - torch.Size([376]): 
The value is the same before and after calling `init_weights` of EncoderDecoder  

backbone.blocks2.5.dw1.m.bn.bias - torch.Size([376]): 
The value is the same before and after calling `init_weights` of EncoderDecoder  

backbone.blocks2.5.ffn1.m.pw1.c.weight - torch.Size([752, 376, 1, 1]): 
The value is the same before and after calling `init_weights` of EncoderDecoder  

backbone.blocks2.5.ffn1.m.pw1.bn.weight - torch.Size([752]): 
The value is the same before and after calling `init_weights` of EncoderDecoder  

backbone.blocks2.5.ffn1.m.pw1.bn.bias - torch.Size([752]): 
The value is the same before and after calling `init_weights` of EncoderDecoder  

backbone.blocks2.5.ffn1.m.pw2.c.weight - torch.Size([376, 752, 1, 1]): 
The value is the same before and after calling `init_weights` of EncoderDecoder  

backbone.blocks2.5.ffn1.m.pw2.bn.weight - torch.Size([376]): 
The value is the same before and after calling `init_weights` of EncoderDecoder  

backbone.blocks2.5.ffn1.m.pw2.bn.bias - torch.Size([376]): 
The value is the same before and after calling `init_weights` of EncoderDecoder  

backbone.blocks3.0.0.m.c.weight - torch.Size([376, 1, 3, 3]): 
The value is the same before and after calling `init_weights` of EncoderDecoder  

backbone.blocks3.0.0.m.bn.weight - torch.Size([376]): 
The value is the same before and after calling `init_weights` of EncoderDecoder  

backbone.blocks3.0.0.m.bn.bias - torch.Size([376]): 
The value is the same before and after calling `init_weights` of EncoderDecoder  

backbone.blocks3.0.1.m.pw1.c.weight - torch.Size([752, 376, 1, 1]): 
The value is the same before and after calling `init_weights` of EncoderDecoder  

backbone.blocks3.0.1.m.pw1.bn.weight - torch.Size([752]): 
The value is the same before and after calling `init_weights` of EncoderDecoder  

backbone.blocks3.0.1.m.pw1.bn.bias - torch.Size([752]): 
The value is the same before and after calling `init_weights` of EncoderDecoder  

backbone.blocks3.0.1.m.pw2.c.weight - torch.Size([376, 752, 1, 1]): 
The value is the same before and after calling `init_weights` of EncoderDecoder  

backbone.blocks3.0.1.m.pw2.bn.weight - torch.Size([376]): 
The value is the same before and after calling `init_weights` of EncoderDecoder  

backbone.blocks3.0.1.m.pw2.bn.bias - torch.Size([376]): 
The value is the same before and after calling `init_weights` of EncoderDecoder  

backbone.blocks3.1.conv1.c.weight - torch.Size([1504, 376, 1, 1]): 
The value is the same before and after calling `init_weights` of EncoderDecoder  

backbone.blocks3.1.conv1.bn.weight - torch.Size([1504]): 
The value is the same before and after calling `init_weights` of EncoderDecoder  

backbone.blocks3.1.conv1.bn.bias - torch.Size([1504]): 
The value is the same before and after calling `init_weights` of EncoderDecoder  

backbone.blocks3.1.conv2.c.weight - torch.Size([1504, 1, 3, 3]): 
The value is the same before and after calling `init_weights` of EncoderDecoder  

backbone.blocks3.1.conv2.bn.weight - torch.Size([1504]): 
The value is the same before and after calling `init_weights` of EncoderDecoder  

backbone.blocks3.1.conv2.bn.bias - torch.Size([1504]): 
The value is the same before and after calling `init_weights` of EncoderDecoder  

backbone.blocks3.1.se.fc1.weight - torch.Size([376, 1504, 1, 1]): 
The value is the same before and after calling `init_weights` of EncoderDecoder  

backbone.blocks3.1.se.fc1.bias - torch.Size([376]): 
The value is the same before and after calling `init_weights` of EncoderDecoder  

backbone.blocks3.1.se.fc2.weight - torch.Size([1504, 376, 1, 1]): 
The value is the same before and after calling `init_weights` of EncoderDecoder  

backbone.blocks3.1.se.fc2.bias - torch.Size([1504]): 
The value is the same before and after calling `init_weights` of EncoderDecoder  

backbone.blocks3.1.conv3.c.weight - torch.Size([448, 1504, 1, 1]): 
The value is the same before and after calling `init_weights` of EncoderDecoder  

backbone.blocks3.1.conv3.bn.weight - torch.Size([448]): 
The value is the same before and after calling `init_weights` of EncoderDecoder  

backbone.blocks3.1.conv3.bn.bias - torch.Size([448]): 
The value is the same before and after calling `init_weights` of EncoderDecoder  

backbone.blocks3.2.0.m.c.weight - torch.Size([448, 1, 3, 3]): 
The value is the same before and after calling `init_weights` of EncoderDecoder  

backbone.blocks3.2.0.m.bn.weight - torch.Size([448]): 
The value is the same before and after calling `init_weights` of EncoderDecoder  

backbone.blocks3.2.0.m.bn.bias - torch.Size([448]): 
The value is the same before and after calling `init_weights` of EncoderDecoder  

backbone.blocks3.2.1.m.pw1.c.weight - torch.Size([896, 448, 1, 1]): 
The value is the same before and after calling `init_weights` of EncoderDecoder  

backbone.blocks3.2.1.m.pw1.bn.weight - torch.Size([896]): 
The value is the same before and after calling `init_weights` of EncoderDecoder  

backbone.blocks3.2.1.m.pw1.bn.bias - torch.Size([896]): 
The value is the same before and after calling `init_weights` of EncoderDecoder  

backbone.blocks3.2.1.m.pw2.c.weight - torch.Size([448, 896, 1, 1]): 
The value is the same before and after calling `init_weights` of EncoderDecoder  

backbone.blocks3.2.1.m.pw2.bn.weight - torch.Size([448]): 
The value is the same before and after calling `init_weights` of EncoderDecoder  

backbone.blocks3.2.1.m.pw2.bn.bias - torch.Size([448]): 
The value is the same before and after calling `init_weights` of EncoderDecoder  

backbone.blocks3.3.dw0.m.c.weight - torch.Size([448, 1, 3, 3]): 
The value is the same before and after calling `init_weights` of EncoderDecoder  

backbone.blocks3.3.dw0.m.bn.weight - torch.Size([448]): 
The value is the same before and after calling `init_weights` of EncoderDecoder  

backbone.blocks3.3.dw0.m.bn.bias - torch.Size([448]): 
The value is the same before and after calling `init_weights` of EncoderDecoder  

backbone.blocks3.3.ffn0.m.pw1.c.weight - torch.Size([896, 448, 1, 1]): 
The value is the same before and after calling `init_weights` of EncoderDecoder  

backbone.blocks3.3.ffn0.m.pw1.bn.weight - torch.Size([896]): 
The value is the same before and after calling `init_weights` of EncoderDecoder  

backbone.blocks3.3.ffn0.m.pw1.bn.bias - torch.Size([896]): 
The value is the same before and after calling `init_weights` of EncoderDecoder  

backbone.blocks3.3.ffn0.m.pw2.c.weight - torch.Size([448, 896, 1, 1]): 
The value is the same before and after calling `init_weights` of EncoderDecoder  

backbone.blocks3.3.ffn0.m.pw2.bn.weight - torch.Size([448]): 
The value is the same before and after calling `init_weights` of EncoderDecoder  

backbone.blocks3.3.ffn0.m.pw2.bn.bias - torch.Size([448]): 
The value is the same before and after calling `init_weights` of EncoderDecoder  

backbone.blocks3.3.mixer.m.attn.local_op.dwconv3x3.weight - torch.Size([134, 1, 3, 3]): 
The value is the same before and after calling `init_weights` of EncoderDecoder  

backbone.blocks3.3.mixer.m.attn.local_op.bn1.weight - torch.Size([134]): 
The value is the same before and after calling `init_weights` of EncoderDecoder  

backbone.blocks3.3.mixer.m.attn.local_op.bn1.bias - torch.Size([134]): 
The value is the same before and after calling `init_weights` of EncoderDecoder  

backbone.blocks3.3.mixer.m.attn.local_op.dwconv1x1.weight - torch.Size([134, 1, 1, 1]): 
The value is the same before and after calling `init_weights` of EncoderDecoder  

backbone.blocks3.3.mixer.m.attn.local_op.bn2.weight - torch.Size([134]): 
The value is the same before and after calling `init_weights` of EncoderDecoder  

backbone.blocks3.3.mixer.m.attn.local_op.bn2.bias - torch.Size([134]): 
The value is the same before and after calling `init_weights` of EncoderDecoder  

backbone.blocks3.3.mixer.m.attn.global_op.wt_filter - torch.Size([1088, 1, 2, 2]): 
The value is the same before and after calling `init_weights` of EncoderDecoder  

backbone.blocks3.3.mixer.m.attn.global_op.iwt_filter - torch.Size([1088, 1, 2, 2]): 
The value is the same before and after calling `init_weights` of EncoderDecoder  

backbone.blocks3.3.mixer.m.attn.global_op.global_atten.original_ss2d.x_proj_weight - torch.Size([2, 19, 544]): 
The value is the same before and after calling `init_weights` of EncoderDecoder  

backbone.blocks3.3.mixer.m.attn.global_op.global_atten.original_ss2d.Ds - torch.Size([1088]): 
The value is the same before and after calling `init_weights` of EncoderDecoder  

backbone.blocks3.3.mixer.m.attn.global_op.global_atten.original_ss2d.A_logs - torch.Size([1088, 1]): 
The value is the same before and after calling `init_weights` of EncoderDecoder  

backbone.blocks3.3.mixer.m.attn.global_op.global_atten.original_ss2d.dt_projs_weight - torch.Size([2, 544, 17]): 
The value is the same before and after calling `init_weights` of EncoderDecoder  

backbone.blocks3.3.mixer.m.attn.global_op.global_atten.original_ss2d.dt_projs_bias - torch.Size([2, 544]): 
The value is the same before and after calling `init_weights` of EncoderDecoder  

backbone.blocks3.3.mixer.m.attn.global_op.global_atten.original_ss2d.out_norm.weight - torch.Size([544]): 
The value is the same before and after calling `init_weights` of EncoderDecoder  

backbone.blocks3.3.mixer.m.attn.global_op.global_atten.original_ss2d.out_norm.bias - torch.Size([544]): 
The value is the same before and after calling `init_weights` of EncoderDecoder  

backbone.blocks3.3.mixer.m.attn.global_op.global_atten.original_ss2d.in_proj.c.weight - torch.Size([1088, 272, 1, 1]): 
The value is the same before and after calling `init_weights` of EncoderDecoder  

backbone.blocks3.3.mixer.m.attn.global_op.global_atten.original_ss2d.in_proj.bn.weight - torch.Size([1088]): 
The value is the same before and after calling `init_weights` of EncoderDecoder  

backbone.blocks3.3.mixer.m.attn.global_op.global_atten.original_ss2d.in_proj.bn.bias - torch.Size([1088]): 
The value is the same before and after calling `init_weights` of EncoderDecoder  

backbone.blocks3.3.mixer.m.attn.global_op.global_atten.original_ss2d.conv2d.weight - torch.Size([544, 1, 3, 3]): 
The value is the same before and after calling `init_weights` of EncoderDecoder  

backbone.blocks3.3.mixer.m.attn.global_op.global_atten.original_ss2d.conv2d.bias - torch.Size([544]): 
The value is the same before and after calling `init_weights` of EncoderDecoder  

backbone.blocks3.3.mixer.m.attn.global_op.global_atten.original_ss2d.out_proj.c.weight - torch.Size([272, 544, 1, 1]): 
The value is the same before and after calling `init_weights` of EncoderDecoder  

backbone.blocks3.3.mixer.m.attn.global_op.global_atten.original_ss2d.out_proj.bn.weight - torch.Size([272]): 
The value is the same before and after calling `init_weights` of EncoderDecoder  

backbone.blocks3.3.mixer.m.attn.global_op.global_atten.original_ss2d.out_proj.bn.bias - torch.Size([272]): 
The value is the same before and after calling `init_weights` of EncoderDecoder  

backbone.blocks3.3.mixer.m.attn.global_op.base_scale.weight - torch.Size([1, 272, 1, 1]): 
The value is the same before and after calling `init_weights` of EncoderDecoder  

backbone.blocks3.3.mixer.m.attn.global_op.wavelet_convs.0.weight - torch.Size([1088, 1, 3, 3]): 
The value is the same before and after calling `init_weights` of EncoderDecoder  

backbone.blocks3.3.mixer.m.attn.global_op.wavelet_scale.0.weight - torch.Size([1, 1088, 1, 1]): 
The value is the same before and after calling `init_weights` of EncoderDecoder  

backbone.blocks3.3.mixer.m.attn.proj.1.c.weight - torch.Size([448, 448, 1, 1]): 
The value is the same before and after calling `init_weights` of EncoderDecoder  

backbone.blocks3.3.mixer.m.attn.proj.1.bn.weight - torch.Size([448]): 
The value is the same before and after calling `init_weights` of EncoderDecoder  

backbone.blocks3.3.mixer.m.attn.proj.1.bn.bias - torch.Size([448]): 
The value is the same before and after calling `init_weights` of EncoderDecoder  

backbone.blocks3.3.dw1.m.c.weight - torch.Size([448, 1, 3, 3]): 
The value is the same before and after calling `init_weights` of EncoderDecoder  

backbone.blocks3.3.dw1.m.bn.weight - torch.Size([448]): 
The value is the same before and after calling `init_weights` of EncoderDecoder  

backbone.blocks3.3.dw1.m.bn.bias - torch.Size([448]): 
The value is the same before and after calling `init_weights` of EncoderDecoder  

backbone.blocks3.3.ffn1.m.pw1.c.weight - torch.Size([896, 448, 1, 1]): 
The value is the same before and after calling `init_weights` of EncoderDecoder  

backbone.blocks3.3.ffn1.m.pw1.bn.weight - torch.Size([896]): 
The value is the same before and after calling `init_weights` of EncoderDecoder  

backbone.blocks3.3.ffn1.m.pw1.bn.bias - torch.Size([896]): 
The value is the same before and after calling `init_weights` of EncoderDecoder  

backbone.blocks3.3.ffn1.m.pw2.c.weight - torch.Size([448, 896, 1, 1]): 
The value is the same before and after calling `init_weights` of EncoderDecoder  

backbone.blocks3.3.ffn1.m.pw2.bn.weight - torch.Size([448]): 
The value is the same before and after calling `init_weights` of EncoderDecoder  

backbone.blocks3.3.ffn1.m.pw2.bn.bias - torch.Size([448]): 
The value is the same before and after calling `init_weights` of EncoderDecoder  

backbone.blocks3.4.dw0.m.c.weight - torch.Size([448, 1, 3, 3]): 
The value is the same before and after calling `init_weights` of EncoderDecoder  

backbone.blocks3.4.dw0.m.bn.weight - torch.Size([448]): 
The value is the same before and after calling `init_weights` of EncoderDecoder  

backbone.blocks3.4.dw0.m.bn.bias - torch.Size([448]): 
The value is the same before and after calling `init_weights` of EncoderDecoder  

backbone.blocks3.4.ffn0.m.pw1.c.weight - torch.Size([896, 448, 1, 1]): 
The value is the same before and after calling `init_weights` of EncoderDecoder  

backbone.blocks3.4.ffn0.m.pw1.bn.weight - torch.Size([896]): 
The value is the same before and after calling `init_weights` of EncoderDecoder  

backbone.blocks3.4.ffn0.m.pw1.bn.bias - torch.Size([896]): 
The value is the same before and after calling `init_weights` of EncoderDecoder  

backbone.blocks3.4.ffn0.m.pw2.c.weight - torch.Size([448, 896, 1, 1]): 
The value is the same before and after calling `init_weights` of EncoderDecoder  

backbone.blocks3.4.ffn0.m.pw2.bn.weight - torch.Size([448]): 
The value is the same before and after calling `init_weights` of EncoderDecoder  

backbone.blocks3.4.ffn0.m.pw2.bn.bias - torch.Size([448]): 
The value is the same before and after calling `init_weights` of EncoderDecoder  

backbone.blocks3.4.mixer.m.attn.local_op.dwconv3x3.weight - torch.Size([134, 1, 3, 3]): 
The value is the same before and after calling `init_weights` of EncoderDecoder  

backbone.blocks3.4.mixer.m.attn.local_op.bn1.weight - torch.Size([134]): 
The value is the same before and after calling `init_weights` of EncoderDecoder  

backbone.blocks3.4.mixer.m.attn.local_op.bn1.bias - torch.Size([134]): 
The value is the same before and after calling `init_weights` of EncoderDecoder  

backbone.blocks3.4.mixer.m.attn.local_op.dwconv1x1.weight - torch.Size([134, 1, 1, 1]): 
The value is the same before and after calling `init_weights` of EncoderDecoder  

backbone.blocks3.4.mixer.m.attn.local_op.bn2.weight - torch.Size([134]): 
The value is the same before and after calling `init_weights` of EncoderDecoder  

backbone.blocks3.4.mixer.m.attn.local_op.bn2.bias - torch.Size([134]): 
The value is the same before and after calling `init_weights` of EncoderDecoder  

backbone.blocks3.4.mixer.m.attn.global_op.wt_filter - torch.Size([1088, 1, 2, 2]): 
The value is the same before and after calling `init_weights` of EncoderDecoder  

backbone.blocks3.4.mixer.m.attn.global_op.iwt_filter - torch.Size([1088, 1, 2, 2]): 
The value is the same before and after calling `init_weights` of EncoderDecoder  

backbone.blocks3.4.mixer.m.attn.global_op.global_atten.original_ss2d.x_proj_weight - torch.Size([2, 19, 544]): 
The value is the same before and after calling `init_weights` of EncoderDecoder  

backbone.blocks3.4.mixer.m.attn.global_op.global_atten.original_ss2d.Ds - torch.Size([1088]): 
The value is the same before and after calling `init_weights` of EncoderDecoder  

backbone.blocks3.4.mixer.m.attn.global_op.global_atten.original_ss2d.A_logs - torch.Size([1088, 1]): 
The value is the same before and after calling `init_weights` of EncoderDecoder  

backbone.blocks3.4.mixer.m.attn.global_op.global_atten.original_ss2d.dt_projs_weight - torch.Size([2, 544, 17]): 
The value is the same before and after calling `init_weights` of EncoderDecoder  

backbone.blocks3.4.mixer.m.attn.global_op.global_atten.original_ss2d.dt_projs_bias - torch.Size([2, 544]): 
The value is the same before and after calling `init_weights` of EncoderDecoder  

backbone.blocks3.4.mixer.m.attn.global_op.global_atten.original_ss2d.out_norm.weight - torch.Size([544]): 
The value is the same before and after calling `init_weights` of EncoderDecoder  

backbone.blocks3.4.mixer.m.attn.global_op.global_atten.original_ss2d.out_norm.bias - torch.Size([544]): 
The value is the same before and after calling `init_weights` of EncoderDecoder  

backbone.blocks3.4.mixer.m.attn.global_op.global_atten.original_ss2d.in_proj.c.weight - torch.Size([1088, 272, 1, 1]): 
The value is the same before and after calling `init_weights` of EncoderDecoder  

backbone.blocks3.4.mixer.m.attn.global_op.global_atten.original_ss2d.in_proj.bn.weight - torch.Size([1088]): 
The value is the same before and after calling `init_weights` of EncoderDecoder  

backbone.blocks3.4.mixer.m.attn.global_op.global_atten.original_ss2d.in_proj.bn.bias - torch.Size([1088]): 
The value is the same before and after calling `init_weights` of EncoderDecoder  

backbone.blocks3.4.mixer.m.attn.global_op.global_atten.original_ss2d.conv2d.weight - torch.Size([544, 1, 3, 3]): 
The value is the same before and after calling `init_weights` of EncoderDecoder  

backbone.blocks3.4.mixer.m.attn.global_op.global_atten.original_ss2d.conv2d.bias - torch.Size([544]): 
The value is the same before and after calling `init_weights` of EncoderDecoder  

backbone.blocks3.4.mixer.m.attn.global_op.global_atten.original_ss2d.out_proj.c.weight - torch.Size([272, 544, 1, 1]): 
The value is the same before and after calling `init_weights` of EncoderDecoder  

backbone.blocks3.4.mixer.m.attn.global_op.global_atten.original_ss2d.out_proj.bn.weight - torch.Size([272]): 
The value is the same before and after calling `init_weights` of EncoderDecoder  

backbone.blocks3.4.mixer.m.attn.global_op.global_atten.original_ss2d.out_proj.bn.bias - torch.Size([272]): 
The value is the same before and after calling `init_weights` of EncoderDecoder  

backbone.blocks3.4.mixer.m.attn.global_op.base_scale.weight - torch.Size([1, 272, 1, 1]): 
The value is the same before and after calling `init_weights` of EncoderDecoder  

backbone.blocks3.4.mixer.m.attn.global_op.wavelet_convs.0.weight - torch.Size([1088, 1, 3, 3]): 
The value is the same before and after calling `init_weights` of EncoderDecoder  

backbone.blocks3.4.mixer.m.attn.global_op.wavelet_scale.0.weight - torch.Size([1, 1088, 1, 1]): 
The value is the same before and after calling `init_weights` of EncoderDecoder  

backbone.blocks3.4.mixer.m.attn.proj.1.c.weight - torch.Size([448, 448, 1, 1]): 
The value is the same before and after calling `init_weights` of EncoderDecoder  

backbone.blocks3.4.mixer.m.attn.proj.1.bn.weight - torch.Size([448]): 
The value is the same before and after calling `init_weights` of EncoderDecoder  

backbone.blocks3.4.mixer.m.attn.proj.1.bn.bias - torch.Size([448]): 
The value is the same before and after calling `init_weights` of EncoderDecoder  

backbone.blocks3.4.dw1.m.c.weight - torch.Size([448, 1, 3, 3]): 
The value is the same before and after calling `init_weights` of EncoderDecoder  

backbone.blocks3.4.dw1.m.bn.weight - torch.Size([448]): 
The value is the same before and after calling `init_weights` of EncoderDecoder  

backbone.blocks3.4.dw1.m.bn.bias - torch.Size([448]): 
The value is the same before and after calling `init_weights` of EncoderDecoder  

backbone.blocks3.4.ffn1.m.pw1.c.weight - torch.Size([896, 448, 1, 1]): 
The value is the same before and after calling `init_weights` of EncoderDecoder  

backbone.blocks3.4.ffn1.m.pw1.bn.weight - torch.Size([896]): 
The value is the same before and after calling `init_weights` of EncoderDecoder  

backbone.blocks3.4.ffn1.m.pw1.bn.bias - torch.Size([896]): 
The value is the same before and after calling `init_weights` of EncoderDecoder  

backbone.blocks3.4.ffn1.m.pw2.c.weight - torch.Size([448, 896, 1, 1]): 
The value is the same before and after calling `init_weights` of EncoderDecoder  

backbone.blocks3.4.ffn1.m.pw2.bn.weight - torch.Size([448]): 
The value is the same before and after calling `init_weights` of EncoderDecoder  

backbone.blocks3.4.ffn1.m.pw2.bn.bias - torch.Size([448]): 
The value is the same before and after calling `init_weights` of EncoderDecoder  

decode_head.conv_seg.weight - torch.Size([150, 256, 1, 1]): 
NormalInit: mean=0, std=0.01, bias=0 

decode_head.conv_seg.bias - torch.Size([150]): 
NormalInit: mean=0, std=0.01, bias=0 

decode_head.convs.0.weight - torch.Size([256, 448, 3, 3]): 
The value is the same before and after calling `init_weights` of EncoderDecoder  

decode_head.convs.0.bias - torch.Size([256]): 
The value is the same before and after calling `init_weights` of EncoderDecoder  

decode_head.convs.1.weight - torch.Size([256]): 
The value is the same before and after calling `init_weights` of EncoderDecoder  

decode_head.convs.1.bias - torch.Size([256]): 
The value is the same before and after calling `init_weights` of EncoderDecoder  

decode_head.convs.3.weight - torch.Size([256, 256, 3, 3]): 
The value is the same before and after calling `init_weights` of EncoderDecoder  

decode_head.convs.3.bias - torch.Size([256]): 
The value is the same before and after calling `init_weights` of EncoderDecoder  

decode_head.convs.4.weight - torch.Size([256]): 
The value is the same before and after calling `init_weights` of EncoderDecoder  

decode_head.convs.4.bias - torch.Size([256]): 
The value is the same before and after calling `init_weights` of EncoderDecoder  

decode_head.cls_seg.weight - torch.Size([150, 256, 1, 1]): 
The value is the same before and after calling `init_weights` of EncoderDecoder  

decode_head.cls_seg.bias - torch.Size([150]): 
The value is the same before and after calling `init_weights` of EncoderDecoder  

auxiliary_head.conv_seg.weight - torch.Size([150, 128, 1, 1]): 
NormalInit: mean=0, std=0.01, bias=0 

auxiliary_head.conv_seg.bias - torch.Size([150]): 
NormalInit: mean=0, std=0.01, bias=0 

auxiliary_head.convs.0.weight - torch.Size([128, 376, 3, 3]): 
The value is the same before and after calling `init_weights` of EncoderDecoder  

auxiliary_head.convs.0.bias - torch.Size([128]): 
The value is the same before and after calling `init_weights` of EncoderDecoder  

auxiliary_head.convs.1.weight - torch.Size([128]): 
The value is the same before and after calling `init_weights` of EncoderDecoder  

auxiliary_head.convs.1.bias - torch.Size([128]): 
The value is the same before and after calling `init_weights` of EncoderDecoder  

auxiliary_head.cls_seg.weight - torch.Size([150, 128, 1, 1]): 
The value is the same before and after calling `init_weights` of EncoderDecoder  

auxiliary_head.cls_seg.bias - torch.Size([150]): 
The value is the same before and after calling `init_weights` of EncoderDecoder  
2025/06/11 18:37:25 - mmengine - WARNING - "FileClient" will be deprecated in future. Please use io functions in https://mmengine.readthedocs.io/en/latest/api/fileio.html#file-io
2025/06/11 18:37:25 - mmengine - WARNING - "HardDiskBackend" is the alias of "LocalBackend" and the former will be deprecated in future.
2025/06/11 18:37:25 - mmengine - INFO - Checkpoints will be saved to /tmp/SegMambaV1.0/seg/work_dirs/U-Net_MobileMamba.
2025/06/11 18:46:53 - mmengine - INFO - Iter(train) [   50/80000]  base_lr: 1.1785e-05 lr: 1.1785e-05  eta: 10 days, 12:09:03  time: 8.5804  data_time: 0.7031  memory: 14511  grad_norm: 2.3437  loss: 5.3962  decode.loss_ce: 3.8535  decode.acc_seg: 1.3239  aux.loss_ce: 1.5426  aux.acc_seg: 0.6655
2025/06/11 18:55:02 - mmengine - INFO - Iter(train) [  100/80000]  base_lr: 2.3809e-05 lr: 2.3809e-05  eta: 9 days, 18:28:57  time: 9.8600  data_time: 0.8688  memory: 6487  grad_norm: 2.5833  loss: 5.3880  decode.loss_ce: 3.8212  decode.acc_seg: 9.7228  aux.loss_ce: 1.5668  aux.acc_seg: 14.6142
2025/06/11 19:03:05 - mmengine - INFO - Iter(train) [  150/80000]  base_lr: 3.5833e-05 lr: 3.5833e-05  eta: 9 days, 11:44:01  time: 9.4010  data_time: 0.9676  memory: 6487  grad_norm: 3.2018  loss: 5.4663  decode.loss_ce: 3.8579  decode.acc_seg: 26.3746  aux.loss_ce: 1.6084  aux.acc_seg: 28.6702
2025/06/11 19:09:52 - mmengine - INFO - Iter(train) [  200/80000]  base_lr: 4.7856e-05 lr: 4.7856e-05  eta: 8 days, 23:44:08  time: 3.8477  data_time: 0.3430  memory: 6488  grad_norm: 2.8727  loss: 4.6874  decode.loss_ce: 3.2607  decode.acc_seg: 28.5922  aux.loss_ce: 1.4267  aux.acc_seg: 30.7488
2025/06/11 19:16:45 - mmengine - INFO - Iter(train) [  250/80000]  base_lr: 5.9880e-05 lr: 5.9880e-05  eta: 8 days, 17:07:15  time: 5.4791  data_time: 0.4602  memory: 6488  grad_norm: 3.6110  loss: 4.8576  decode.loss_ce: 3.3470  decode.acc_seg: 35.3990  aux.loss_ce: 1.5106  aux.acc_seg: 39.3220
2025/06/11 19:24:45 - mmengine - INFO - Iter(train) [  300/80000]  base_lr: 7.1904e-05 lr: 7.1904e-05  eta: 8 days, 17:32:38  time: 8.4308  data_time: 0.9802  memory: 6488  grad_norm: 3.3544  loss: 4.4321  decode.loss_ce: 3.0527  decode.acc_seg: 22.0140  aux.loss_ce: 1.3794  aux.acc_seg: 17.9495
2025/06/11 19:32:59 - mmengine - INFO - Iter(train) [  350/80000]  base_lr: 8.3928e-05 lr: 8.3928e-05  eta: 8 days, 18:44:33  time: 10.3089  data_time: 0.7772  memory: 6487  grad_norm: 3.7439  loss: 4.5872  decode.loss_ce: 3.1530  decode.acc_seg: 32.2745  aux.loss_ce: 1.4342  aux.acc_seg: 31.1717
2025/06/11 19:40:35 - mmengine - INFO - Iter(train) [  400/80000]  base_lr: 9.5952e-05 lr: 9.5952e-05  eta: 8 days, 17:30:27  time: 9.6007  data_time: 0.6922  memory: 6488  grad_norm: 3.8412  loss: 4.2711  decode.loss_ce: 2.9040  decode.acc_seg: 25.9452  aux.loss_ce: 1.3671  aux.acc_seg: 22.6936
2025/06/11 19:48:47 - mmengine - INFO - Iter(train) [  450/80000]  base_lr: 1.0798e-04 lr: 1.0798e-04  eta: 8 days, 18:14:48  time: 10.4504  data_time: 0.8610  memory: 6487  grad_norm: 3.6122  loss: 3.4699  decode.loss_ce: 2.3434  decode.acc_seg: 49.7012  aux.loss_ce: 1.1266  aux.acc_seg: 43.8131
2025/06/11 19:56:36 - mmengine - INFO - Iter(train) [  500/80000]  base_lr: 1.2000e-04 lr: 1.2000e-04  eta: 8 days, 17:50:22  time: 10.1703  data_time: 0.9470  memory: 6487  grad_norm: 3.5802  loss: 3.9085  decode.loss_ce: 2.6645  decode.acc_seg: 40.8949  aux.loss_ce: 1.2440  aux.acc_seg: 34.8465
2025/06/11 20:03:57 - mmengine - INFO - Iter(train) [  550/80000]  base_lr: 1.2000e-04 lr: 1.2000e-04  eta: 8 days, 16:18:24  time: 9.6210  data_time: 0.5772  memory: 6487  grad_norm: 3.8442  loss: 3.6753  decode.loss_ce: 2.5197  decode.acc_seg: 26.3401  aux.loss_ce: 1.1556  aux.acc_seg: 26.8927
2025/06/11 20:12:08 - mmengine - INFO - Iter(train) [  600/80000]  base_lr: 1.2000e-04 lr: 1.2000e-04  eta: 8 days, 16:53:29  time: 9.1921  data_time: 0.5851  memory: 6489  grad_norm: 3.8208  loss: 3.8356  decode.loss_ce: 2.6451  decode.acc_seg: 38.6347  aux.loss_ce: 1.1905  aux.acc_seg: 38.7157
2025/06/11 20:19:28 - mmengine - INFO - Iter(train) [  650/80000]  base_lr: 1.2000e-04 lr: 1.2000e-04  eta: 8 days, 15:37:31  time: 10.4111  data_time: 0.7900  memory: 6488  grad_norm: 3.8281  loss: 3.6396  decode.loss_ce: 2.5123  decode.acc_seg: 34.8889  aux.loss_ce: 1.1274  aux.acc_seg: 33.7836
2025/06/11 20:27:29 - mmengine - INFO - Iter(train) [  700/80000]  base_lr: 1.2000e-04 lr: 1.2000e-04  eta: 8 days, 15:47:36  time: 9.3714  data_time: 0.6386  memory: 6488  grad_norm: 4.2310  loss: 3.4681  decode.loss_ce: 2.3740  decode.acc_seg: 39.7974  aux.loss_ce: 1.0941  aux.acc_seg: 27.2530
2025/06/11 20:36:02 - mmengine - INFO - Iter(train) [  750/80000]  base_lr: 1.2000e-04 lr: 1.2000e-04  eta: 8 days, 16:52:44  time: 8.9706  data_time: 0.6176  memory: 6488  grad_norm: 3.0815  loss: 3.2663  decode.loss_ce: 2.2348  decode.acc_seg: 25.3084  aux.loss_ce: 1.0315  aux.acc_seg: 24.4714
2025/06/11 20:42:25 - mmengine - INFO - Iter(train) [  800/80000]  base_lr: 1.2000e-04 lr: 1.2000e-04  eta: 8 days, 14:14:26  time: 5.2783  data_time: 0.3591  memory: 6489  grad_norm: 4.4977  loss: 3.5856  decode.loss_ce: 2.4779  decode.acc_seg: 26.1372  aux.loss_ce: 1.1076  aux.acc_seg: 19.1609
