2025/06/15 19:40:51 - mmengine - INFO - 
------------------------------------------------------------
System environment:
    sys.platform: linux
    Python: 3.10.8 (main, Nov 24 2022, 14:13:03) [GCC 11.2.0]
    CUDA available: True
    MUSA available: False
    numpy_random_seed: 48467337
    GPU 0: NVIDIA GeForce RTX 3090
    CUDA_HOME: /usr/local/cuda
    NVCC: Cuda compilation tools, release 11.8, V11.8.89
    GCC: gcc (Ubuntu 11.3.0-1ubuntu1~22.04) 11.3.0
    PyTorch: 2.1.2+cu118
    PyTorch compiling details: PyTorch built with:
  - GCC 9.3
  - C++ Version: 201703
  - Intel(R) oneAPI Math Kernel Library Version 2022.2-Product Build 20220804 for Intel(R) 64 architecture applications
  - Intel(R) MKL-DNN v3.1.1 (Git Hash 64f6bcbcbab628e96f33a62c3e975f8535a7bde4)
  - OpenMP 201511 (a.k.a. OpenMP 4.5)
  - LAPACK is enabled (usually provided by MKL)
  - NNPACK is enabled
  - CPU capability usage: AVX512
  - CUDA Runtime 11.8
  - NVCC architecture flags: -gencode;arch=compute_50,code=sm_50;-gencode;arch=compute_60,code=sm_60;-gencode;arch=compute_70,code=sm_70;-gencode;arch=compute_75,code=sm_75;-gencode;arch=compute_80,code=sm_80;-gencode;arch=compute_86,code=sm_86;-gencode;arch=compute_37,code=sm_37;-gencode;arch=compute_90,code=sm_90
  - CuDNN 8.7
  - Magma 2.6.1
  - Build settings: BLAS_INFO=mkl, BUILD_TYPE=Release, CUDA_VERSION=11.8, CUDNN_VERSION=8.7.0, CXX_COMPILER=/opt/rh/devtoolset-9/root/usr/bin/c++, CXX_FLAGS= -D_GLIBCXX_USE_CXX11_ABI=0 -fabi-version=11 -fvisibility-inlines-hidden -DUSE_PTHREADPOOL -DNDEBUG -DUSE_KINETO -DLIBKINETO_NOROCTRACER -DUSE_FBGEMM -DUSE_QNNPACK -DUSE_PYTORCH_QNNPACK -DUSE_XNNPACK -DSYMBOLICATE_MOBILE_DEBUG_HANDLE -O2 -fPIC -Wall -Wextra -Werror=return-type -Werror=non-virtual-dtor -Werror=bool-operation -Wnarrowing -Wno-missing-field-initializers -Wno-type-limits -Wno-array-bounds -Wno-unknown-pragmas -Wno-unused-parameter -Wno-unused-function -Wno-unused-result -Wno-strict-overflow -Wno-strict-aliasing -Wno-stringop-overflow -Wno-psabi -Wno-error=pedantic -Wno-error=old-style-cast -Wno-invalid-partial-specialization -Wno-unused-private-field -Wno-aligned-allocation-unavailable -Wno-missing-braces -fdiagnostics-color=always -faligned-new -Wno-unused-but-set-variable -Wno-maybe-uninitialized -fno-math-errno -fno-trapping-math -Werror=format -Werror=cast-function-type -Wno-stringop-overflow, LAPACK_INFO=mkl, PERF_WITH_AVX=1, PERF_WITH_AVX2=1, PERF_WITH_AVX512=1, TORCH_DISABLE_GPU_ASSERTS=ON, TORCH_VERSION=2.1.2, USE_CUDA=ON, USE_CUDNN=ON, USE_EXCEPTION_PTR=1, USE_GFLAGS=OFF, USE_GLOG=OFF, USE_MKL=ON, USE_MKLDNN=ON, USE_MPI=OFF, USE_NCCL=1, USE_NNPACK=ON, USE_OPENMP=ON, USE_ROCM=OFF, 

    TorchVision: 0.16.2+cu118
    OpenCV: 4.11.0
    MMEngine: 0.10.7

Runtime environment:
    cudnn_benchmark: True
    mp_cfg: {'mp_start_method': 'fork', 'opencv_num_threads': 0}
    dist_cfg: {'backend': 'nccl'}
    seed: 48467337
    Distributed launcher: none
    Distributed training: False
    GPU number: 1
------------------------------------------------------------

2025/06/15 19:40:51 - mmengine - INFO - Config:
bs_ratio = 2
crop_size = (
    512,
    512,
)
custom_imports = dict(
    allow_failed_imports=False,
    imports=[
        'my_mmseg.models.decode_heads.unet_head',
        'configs._base_.datasets.register',
        'configs._base_.datasets.transforms.map_255_to_1',
    ])
data_preprocessor = dict(
    bgr_to_rgb=True,
    mean=[
        123.675,
        116.28,
        103.53,
    ],
    pad_val=0,
    seg_pad_val=255,
    size=(
        512,
        512,
    ),
    std=[
        58.395,
        57.12,
        57.375,
    ],
    type='SegDataPreProcessor')
data_root = '/tmp/SegMambaV1.0/seg/data/kvasir-seg-jpg/Kvasir-SEG'
dataset_type = 'KvasirDataset'
default_hooks = dict(
    checkpoint=dict(by_epoch=False, interval=8000, type='CheckpointHook'),
    logger=dict(interval=50, log_metric_by_epoch=False, type='LoggerHook'),
    param_scheduler=dict(type='ParamSchedulerHook'),
    sampler_seed=dict(type='DistSamplerSeedHook'),
    timer=dict(type='IterTimerHook'),
    visualization=dict(
        draw=True, show=True, type='SegVisualizationHook', wait_time=2))
default_scope = 'mmseg'
env_cfg = dict(
    cudnn_benchmark=True,
    dist_cfg=dict(backend='nccl'),
    mp_cfg=dict(mp_start_method='fork', opencv_num_threads=0))
launcher = 'none'
load_from = 'work_dirs/U-Net_MobileMamba/iter_48000.pth'
log_level = 'INFO'
log_processor = dict(by_epoch=False)
max_iters = 80000
model = dict(
    auxiliary_head=dict(
        align_corners=True,
        channels=128,
        dropout_ratio=0.1,
        in_channels=376,
        in_index=1,
        loss_decode=dict(
            loss_weight=0.4, type='CrossEntropyLoss', use_sigmoid=False),
        norm_cfg=dict(requires_grad=True, type='SyncBN'),
        num_classes=2,
        num_convs=1,
        type='UNetHead'),
    backbone=dict(
        depth=[
            2,
            3,
            2,
        ],
        distillation=False,
        down_ops=[
            [
                'subsample',
                2,
            ],
            [
                'subsample',
                2,
            ],
            [
                '',
            ],
        ],
        drop_path=0.03,
        embed_dim=[
            200,
            376,
            448,
        ],
        forward_type='v052d',
        frozen_stages=-1,
        global_ratio=[
            0.8,
            0.7,
            0.6,
        ],
        img_size=224,
        in_chans=3,
        kernels=[
            7,
            5,
            3,
        ],
        local_ratio=[
            0.2,
            0.2,
            0.3,
        ],
        norm_eval=False,
        num_classes=80,
        out_indices=(
            1,
            2,
            3,
        ),
        pretrained='../weights/MobileMamba_B4/mobilemamba_b4.pth',
        ssm_ratio=2,
        stages=[
            's',
            's',
            's',
        ],
        sync_bn=False,
        type='MobileMamba'),
    data_preprocessor=dict(
        bgr_to_rgb=True,
        mean=[
            123.675,
            116.28,
            103.53,
        ],
        pad_val=0,
        seg_pad_val=255,
        size=(
            512,
            512,
        ),
        std=[
            58.395,
            57.12,
            57.375,
        ],
        type='SegDataPreProcessor'),
    decode_head=dict(
        align_corners=True,
        channels=256,
        dilations=(
            1,
            6,
        ),
        dropout_ratio=0.1,
        in_channels=448,
        in_index=2,
        loss_decode=dict(
            loss_weight=1.0, type='CrossEntropyLoss', use_sigmoid=False),
        norm_cfg=dict(requires_grad=True, type='SyncBN'),
        num_classes=2,
        num_convs=2,
        type='UNetHead'),
    pretrained=None,
    test_cfg=dict(mode='whole'),
    train_cfg=dict(),
    type='EncoderDecoder')
norm_cfg = dict(requires_grad=True, type='SyncBN')
optim_wrapper = dict(
    clip_grad=dict(max_norm=0.1, norm_type=2),
    optimizer=dict(
        betas=(
            0.9,
            0.999,
        ), lr=0.00012, type='AdamW', weight_decay=0.05),
    paramwise_cfg=dict(
        custom_keys=dict(
            absolute_pos_embed=dict(decay_mult=0.0),
            norm=dict(decay_mult=0.0),
            relative_position_bias_table=dict(decay_mult=0.0))),
    type='OptimWrapper')
optimizer = dict(lr=0.01, momentum=0.9, type='SGD', weight_decay=0.0005)
param_scheduler = [
    dict(
        begin=0, by_epoch=False, end=500, start_factor=1e-05, type='LinearLR'),
    dict(
        T_max=40000,
        begin=40000,
        by_epoch=False,
        end=80000,
        eta_min=0,
        type='CosineAnnealingLR'),
]
ratio = 1
resume = False
test_cfg = dict(type='TestLoop')
test_dataloader = dict(
    batch_size=1,
    dataset=dict(
        data_prefix=dict(img_path='images', seg_map_path='masks'),
        data_root='/tmp/SegMambaV1.0/seg/data/kvasir-seg-jpg/Kvasir-SEG',
        pipeline=[
            dict(type='LoadImageFromFile'),
            dict(keep_ratio=False, scale=(
                512,
                512,
            ), type='Resize'),
            dict(imdecode_backend='pillow', type='LoadAnnotations'),
            dict(type='Map255To1'),
            dict(type='PackSegInputs'),
        ],
        type='KvasirDataset'),
    num_workers=2,
    persistent_workers=True,
    sampler=dict(shuffle=False, type='DefaultSampler'))
test_evaluator = dict(
    iou_metrics=[
        'mIoU',
    ], type='IoUMetric')
test_pipeline = [
    dict(type='LoadImageFromFile'),
    dict(keep_ratio=False, scale=(
        512,
        512,
    ), type='Resize'),
    dict(imdecode_backend='pillow', type='LoadAnnotations'),
    dict(type='Map255To1'),
    dict(type='PackSegInputs'),
]
train_cfg = dict(max_iters=80000, type='IterBasedTrainLoop', val_interval=8000)
train_dataloader = dict(
    batch_size=4,
    dataset=dict(
        data_prefix=dict(img_path='images', seg_map_path='masks'),
        data_root='/tmp/SegMambaV1.0/seg/data/kvasir-seg-jpg/Kvasir-SEG',
        pipeline=[
            dict(type='LoadImageFromFile'),
            dict(imdecode_backend='pillow', type='LoadAnnotations'),
            dict(type='Map255To1'),
            dict(
                keep_ratio=True,
                ratio_range=(
                    0.5,
                    2.0,
                ),
                scale=(
                    512,
                    512,
                ),
                type='RandomResize'),
            dict(
                cat_max_ratio=0.75, crop_size=(
                    512,
                    512,
                ), type='RandomCrop'),
            dict(keep_ratio=False, scale=(
                512,
                512,
            ), type='Resize'),
            dict(prob=0.5, type='RandomFlip'),
            dict(type='PhotoMetricDistortion'),
            dict(type='PackSegInputs'),
        ],
        type='KvasirDataset'),
    num_workers=4,
    persistent_workers=True,
    sampler=dict(shuffle=True, type='InfiniteSampler'))
train_pipeline = [
    dict(type='LoadImageFromFile'),
    dict(imdecode_backend='pillow', type='LoadAnnotations'),
    dict(type='Map255To1'),
    dict(
        keep_ratio=True,
        ratio_range=(
            0.5,
            2.0,
        ),
        scale=(
            512,
            512,
        ),
        type='RandomResize'),
    dict(cat_max_ratio=0.75, crop_size=(
        512,
        512,
    ), type='RandomCrop'),
    dict(keep_ratio=False, scale=(
        512,
        512,
    ), type='Resize'),
    dict(prob=0.5, type='RandomFlip'),
    dict(type='PhotoMetricDistortion'),
    dict(type='PackSegInputs'),
]
tta_model = dict(type='SegTTAModel')
val_cfg = dict(type='ValLoop')
val_dataloader = dict(
    batch_size=1,
    dataset=dict(
        data_prefix=dict(img_path='images', seg_map_path='masks'),
        data_root='/tmp/SegMambaV1.0/seg/data/kvasir-seg-jpg/Kvasir-SEG',
        pipeline=[
            dict(type='LoadImageFromFile'),
            dict(keep_ratio=False, scale=(
                512,
                512,
            ), type='Resize'),
            dict(imdecode_backend='pillow', type='LoadAnnotations'),
            dict(type='Map255To1'),
            dict(type='PackSegInputs'),
        ],
        type='KvasirDataset'),
    num_workers=2,
    persistent_workers=True,
    sampler=dict(shuffle=False, type='DefaultSampler'))
val_evaluator = dict(
    iou_metrics=[
        'mIoU',
    ], type='IoUMetric')
vis_backends = [
    dict(type='LocalVisBackend'),
]
visualizer = dict(
    name='visualizer',
    save_dir='work_dirs/U-Net_MobileMamba/test_vis',
    type='SegLocalVisualizer',
    vis_backends=[
        dict(type='LocalVisBackend'),
    ])
work_dir = './work_dirs/U-Net_MobileMamba'

2025/06/15 19:40:52 - mmengine - INFO - Distributed training is not used, all SyncBatchNorm (SyncBN) layers in the model will be automatically reverted to BatchNormXd layers if they are used.
2025/06/15 19:40:52 - mmengine - INFO - Hooks will be executed in the following order:
before_run:
(VERY_HIGH   ) RuntimeInfoHook                    
(BELOW_NORMAL) LoggerHook                         
 -------------------- 
before_train:
(VERY_HIGH   ) RuntimeInfoHook                    
(NORMAL      ) IterTimerHook                      
(VERY_LOW    ) CheckpointHook                     
 -------------------- 
before_train_epoch:
(VERY_HIGH   ) RuntimeInfoHook                    
(NORMAL      ) IterTimerHook                      
(NORMAL      ) DistSamplerSeedHook                
 -------------------- 
before_train_iter:
(VERY_HIGH   ) RuntimeInfoHook                    
(NORMAL      ) IterTimerHook                      
 -------------------- 
after_train_iter:
(VERY_HIGH   ) RuntimeInfoHook                    
(NORMAL      ) IterTimerHook                      
(NORMAL      ) SegVisualizationHook               
(BELOW_NORMAL) LoggerHook                         
(LOW         ) ParamSchedulerHook                 
(VERY_LOW    ) CheckpointHook                     
 -------------------- 
after_train_epoch:
(NORMAL      ) IterTimerHook                      
(LOW         ) ParamSchedulerHook                 
(VERY_LOW    ) CheckpointHook                     
 -------------------- 
before_val:
(VERY_HIGH   ) RuntimeInfoHook                    
 -------------------- 
before_val_epoch:
(NORMAL      ) IterTimerHook                      
 -------------------- 
before_val_iter:
(NORMAL      ) IterTimerHook                      
 -------------------- 
after_val_iter:
(NORMAL      ) IterTimerHook                      
(NORMAL      ) SegVisualizationHook               
(BELOW_NORMAL) LoggerHook                         
 -------------------- 
after_val_epoch:
(VERY_HIGH   ) RuntimeInfoHook                    
(NORMAL      ) IterTimerHook                      
(BELOW_NORMAL) LoggerHook                         
(LOW         ) ParamSchedulerHook                 
(VERY_LOW    ) CheckpointHook                     
 -------------------- 
after_val:
(VERY_HIGH   ) RuntimeInfoHook                    
 -------------------- 
after_train:
(VERY_HIGH   ) RuntimeInfoHook                    
(VERY_LOW    ) CheckpointHook                     
 -------------------- 
before_test:
(VERY_HIGH   ) RuntimeInfoHook                    
 -------------------- 
before_test_epoch:
(NORMAL      ) IterTimerHook                      
 -------------------- 
before_test_iter:
(NORMAL      ) IterTimerHook                      
 -------------------- 
after_test_iter:
(NORMAL      ) IterTimerHook                      
(NORMAL      ) SegVisualizationHook               
(BELOW_NORMAL) LoggerHook                         
 -------------------- 
after_test_epoch:
(VERY_HIGH   ) RuntimeInfoHook                    
(NORMAL      ) IterTimerHook                      
(BELOW_NORMAL) LoggerHook                         
 -------------------- 
after_test:
(VERY_HIGH   ) RuntimeInfoHook                    
 -------------------- 
after_run:
(BELOW_NORMAL) LoggerHook                         
 -------------------- 
2025/06/15 19:40:52 - mmengine - WARNING - The prefix is not set in metric class IoUMetric.
2025/06/15 19:40:53 - mmengine - INFO - Load checkpoint from work_dirs/U-Net_MobileMamba/iter_48000.pth
2025/06/15 19:40:58 - mmengine - INFO - Iter(test) [  50/1000]    eta: 0:00:33  time: 0.0165  data_time: 0.0012  memory: 9887  
2025/06/15 19:41:01 - mmengine - INFO - Iter(test) [ 100/1000]    eta: 0:00:53  time: 0.0163  data_time: 0.0013  memory: 219  
2025/06/15 19:41:05 - mmengine - INFO - Iter(test) [ 150/1000]    eta: 0:00:55  time: 0.0163  data_time: 0.0013  memory: 219  
2025/06/15 19:41:09 - mmengine - INFO - Iter(test) [ 200/1000]    eta: 0:00:54  time: 0.0169  data_time: 0.0013  memory: 219  
2025/06/15 19:41:13 - mmengine - INFO - Iter(test) [ 250/1000]    eta: 0:00:52  time: 0.0176  data_time: 0.0016  memory: 219  
2025/06/15 19:41:17 - mmengine - INFO - Iter(test) [ 300/1000]    eta: 0:00:49  time: 0.0168  data_time: 0.0013  memory: 219  
2025/06/15 19:41:21 - mmengine - INFO - Iter(test) [ 350/1000]    eta: 0:00:46  time: 0.0165  data_time: 0.0013  memory: 219  
2025/06/15 19:41:27 - mmengine - INFO - Iter(test) [ 400/1000]    eta: 0:00:43  time: 0.0168  data_time: 0.0014  memory: 217  
2025/06/15 19:41:31 - mmengine - INFO - Iter(test) [ 450/1000]    eta: 0:00:42  time: 0.0174  data_time: 0.0016  memory: 219  
2025/06/15 19:41:35 - mmengine - INFO - Iter(test) [ 500/1000]    eta: 0:00:38  time: 0.0168  data_time: 0.0014  memory: 211  
2025/06/15 19:41:38 - mmengine - INFO - Iter(test) [ 550/1000]    eta: 0:00:35  time: 0.0162  data_time: 0.0011  memory: 211  
2025/06/15 19:41:42 - mmengine - INFO - Iter(test) [ 600/1000]    eta: 0:00:31  time: 0.0170  data_time: 0.0016  memory: 219  
2025/06/15 19:41:46 - mmengine - INFO - Iter(test) [ 650/1000]    eta: 0:00:27  time: 0.0164  data_time: 0.0013  memory: 211  
2025/06/15 19:41:50 - mmengine - INFO - Iter(test) [ 700/1000]    eta: 0:00:23  time: 0.0165  data_time: 0.0014  memory: 211  
2025/06/15 19:41:54 - mmengine - INFO - Iter(test) [ 750/1000]    eta: 0:00:19  time: 0.0168  data_time: 0.0015  memory: 211  
2025/06/15 19:41:58 - mmengine - INFO - Iter(test) [ 800/1000]    eta: 0:00:15  time: 0.0166  data_time: 0.0013  memory: 217  
2025/06/15 19:42:01 - mmengine - INFO - Iter(test) [ 850/1000]    eta: 0:00:11  time: 0.0170  data_time: 0.0015  memory: 219  
2025/06/15 19:42:05 - mmengine - INFO - Iter(test) [ 900/1000]    eta: 0:00:07  time: 0.0172  data_time: 0.0015  memory: 219  
2025/06/15 19:42:09 - mmengine - INFO - Iter(test) [ 950/1000]    eta: 0:00:03  time: 0.0169  data_time: 0.0013  memory: 217  
2025/06/15 19:42:13 - mmengine - INFO - Iter(test) [1000/1000]    eta: 0:00:00  time: 0.0167  data_time: 0.0013  memory: 224  
2025/06/15 19:42:13 - mmengine - INFO - per class results:
2025/06/15 19:42:13 - mmengine - INFO - 
+------------+-------+-------+
|   Class    |  IoU  |  Acc  |
+------------+-------+-------+
| background | 98.35 | 99.29 |
|   polyp    | 91.01 | 94.64 |
+------------+-------+-------+
2025/06/15 19:42:13 - mmengine - INFO - Iter(test) [1000/1000]    aAcc: 98.5900  mIoU: 94.6800  mAcc: 96.9600  data_time: 0.0593  time: 0.0773
